Archive member included to satisfy reference by file (symbol)

C:/ST/STM32CubeIDE_1.19.0/STM32CubeIDE/plugins/com.st.stm32cube.ide.mcu.externaltools.gnu-tools-for-stm32.13.3.rel1.win32_1.0.0.202411081344/tools/bin/../lib/gcc/arm-none-eabi/13.3.1/../../../../arm-none-eabi/lib/thumb/v7e-m+fp/hard\libc_nano.a(libc_a-exit.o)
                              C:/ST/STM32CubeIDE_1.19.0/STM32CubeIDE/plugins/com.st.stm32cube.ide.mcu.externaltools.gnu-tools-for-stm32.13.3.rel1.win32_1.0.0.202411081344/tools/bin/../lib/gcc/arm-none-eabi/13.3.1/../../../../arm-none-eabi/lib/thumb/v7e-m+fp/hard/crt0.o (exit)
C:/ST/STM32CubeIDE_1.19.0/STM32CubeIDE/plugins/com.st.stm32cube.ide.mcu.externaltools.gnu-tools-for-stm32.13.3.rel1.win32_1.0.0.202411081344/tools/bin/../lib/gcc/arm-none-eabi/13.3.1/../../../../arm-none-eabi/lib/thumb/v7e-m+fp/hard\libc_nano.a(libc_a-findfp.o)
                              C:/ST/STM32CubeIDE_1.19.0/STM32CubeIDE/plugins/com.st.stm32cube.ide.mcu.externaltools.gnu-tools-for-stm32.13.3.rel1.win32_1.0.0.202411081344/tools/bin/../lib/gcc/arm-none-eabi/13.3.1/../../../../arm-none-eabi/lib/thumb/v7e-m+fp/hard\libc_nano.a(libc_a-exit.o) (__stdio_exit_handler)
C:/ST/STM32CubeIDE_1.19.0/STM32CubeIDE/plugins/com.st.stm32cube.ide.mcu.externaltools.gnu-tools-for-stm32.13.3.rel1.win32_1.0.0.202411081344/tools/bin/../lib/gcc/arm-none-eabi/13.3.1/../../../../arm-none-eabi/lib/thumb/v7e-m+fp/hard\libc_nano.a(libc_a-fwalk.o)
                              C:/ST/STM32CubeIDE_1.19.0/STM32CubeIDE/plugins/com.st.stm32cube.ide.mcu.externaltools.gnu-tools-for-stm32.13.3.rel1.win32_1.0.0.202411081344/tools/bin/../lib/gcc/arm-none-eabi/13.3.1/../../../../arm-none-eabi/lib/thumb/v7e-m+fp/hard\libc_nano.a(libc_a-findfp.o) (_fwalk_sglue)
C:/ST/STM32CubeIDE_1.19.0/STM32CubeIDE/plugins/com.st.stm32cube.ide.mcu.externaltools.gnu-tools-for-stm32.13.3.rel1.win32_1.0.0.202411081344/tools/bin/../lib/gcc/arm-none-eabi/13.3.1/../../../../arm-none-eabi/lib/thumb/v7e-m+fp/hard\libc_nano.a(libc_a-stdio.o)
                              C:/ST/STM32CubeIDE_1.19.0/STM32CubeIDE/plugins/com.st.stm32cube.ide.mcu.externaltools.gnu-tools-for-stm32.13.3.rel1.win32_1.0.0.202411081344/tools/bin/../lib/gcc/arm-none-eabi/13.3.1/../../../../arm-none-eabi/lib/thumb/v7e-m+fp/hard\libc_nano.a(libc_a-findfp.o) (__sread)
C:/ST/STM32CubeIDE_1.19.0/STM32CubeIDE/plugins/com.st.stm32cube.ide.mcu.externaltools.gnu-tools-for-stm32.13.3.rel1.win32_1.0.0.202411081344/tools/bin/../lib/gcc/arm-none-eabi/13.3.1/../../../../arm-none-eabi/lib/thumb/v7e-m+fp/hard\libc_nano.a(libc_a-memset.o)
                              C:/ST/STM32CubeIDE_1.19.0/STM32CubeIDE/plugins/com.st.stm32cube.ide.mcu.externaltools.gnu-tools-for-stm32.13.3.rel1.win32_1.0.0.202411081344/tools/bin/../lib/gcc/arm-none-eabi/13.3.1/../../../../arm-none-eabi/lib/thumb/v7e-m+fp/hard/crt0.o (memset)
C:/ST/STM32CubeIDE_1.19.0/STM32CubeIDE/plugins/com.st.stm32cube.ide.mcu.externaltools.gnu-tools-for-stm32.13.3.rel1.win32_1.0.0.202411081344/tools/bin/../lib/gcc/arm-none-eabi/13.3.1/../../../../arm-none-eabi/lib/thumb/v7e-m+fp/hard\libc_nano.a(libc_a-closer.o)
                              C:/ST/STM32CubeIDE_1.19.0/STM32CubeIDE/plugins/com.st.stm32cube.ide.mcu.externaltools.gnu-tools-for-stm32.13.3.rel1.win32_1.0.0.202411081344/tools/bin/../lib/gcc/arm-none-eabi/13.3.1/../../../../arm-none-eabi/lib/thumb/v7e-m+fp/hard\libc_nano.a(libc_a-stdio.o) (_close_r)
C:/ST/STM32CubeIDE_1.19.0/STM32CubeIDE/plugins/com.st.stm32cube.ide.mcu.externaltools.gnu-tools-for-stm32.13.3.rel1.win32_1.0.0.202411081344/tools/bin/../lib/gcc/arm-none-eabi/13.3.1/../../../../arm-none-eabi/lib/thumb/v7e-m+fp/hard\libc_nano.a(libc_a-reent.o)
                              C:/ST/STM32CubeIDE_1.19.0/STM32CubeIDE/plugins/com.st.stm32cube.ide.mcu.externaltools.gnu-tools-for-stm32.13.3.rel1.win32_1.0.0.202411081344/tools/bin/../lib/gcc/arm-none-eabi/13.3.1/../../../../arm-none-eabi/lib/thumb/v7e-m+fp/hard\libc_nano.a(libc_a-closer.o) (errno)
C:/ST/STM32CubeIDE_1.19.0/STM32CubeIDE/plugins/com.st.stm32cube.ide.mcu.externaltools.gnu-tools-for-stm32.13.3.rel1.win32_1.0.0.202411081344/tools/bin/../lib/gcc/arm-none-eabi/13.3.1/../../../../arm-none-eabi/lib/thumb/v7e-m+fp/hard\libc_nano.a(libc_a-impure.o)
                              C:/ST/STM32CubeIDE_1.19.0/STM32CubeIDE/plugins/com.st.stm32cube.ide.mcu.externaltools.gnu-tools-for-stm32.13.3.rel1.win32_1.0.0.202411081344/tools/bin/../lib/gcc/arm-none-eabi/13.3.1/../../../../arm-none-eabi/lib/thumb/v7e-m+fp/hard\libc_nano.a(libc_a-reent.o) (_impure_ptr)
C:/ST/STM32CubeIDE_1.19.0/STM32CubeIDE/plugins/com.st.stm32cube.ide.mcu.externaltools.gnu-tools-for-stm32.13.3.rel1.win32_1.0.0.202411081344/tools/bin/../lib/gcc/arm-none-eabi/13.3.1/../../../../arm-none-eabi/lib/thumb/v7e-m+fp/hard\libc_nano.a(libc_a-lseekr.o)
[...]
Memory Configuration

Name             Origin             Length             Attributes
RAM              0x20000000         0x00040000         xrw
RAM2             0x10000000         0x00010000         xrw
FLASH            0x08000000         0x00100000         xr
*default*        0x00000000         0xffffffff

Linker script and memory map

LOAD C:/ST/STM32CubeIDE_1.19.0/STM32CubeIDE/plugins/com.st.stm32cube.ide.mcu.externaltools.gnu-tools-for-stm32.13.3.rel1.win32_1.0.0.202411081344/tools/bin/../lib/gcc/arm-none-eabi/13.3.1/thumb/v7e-m+fp/hard/crti.o
LOAD C:/ST/STM32CubeIDE_1.19.0/STM32CubeIDE/plugins/com.st.stm32cube.ide.mcu.externaltools.gnu-tools-for-stm32.13.3.rel1.win32_1.0.0.202411081344/tools/bin/../lib/gcc/arm-none-eabi/13.3.1/thumb/v7e-m+fp/hard/crtbegin.o
LOAD C:/ST/STM32CubeIDE_1.19.0/STM32CubeIDE/plugins/com.st.stm32cube.ide.mcu.externaltools.gnu-tools-for-stm32.13.3.rel1.win32_1.0.0.202411081344/tools/bin/../lib/gcc/arm-none-eabi/13.3.1/../../../../arm-none-eabi/lib/thumb/v7e-m+fp/hard/crt0.o
LOAD ./Core/Src/main.o
LOAD ./Core/Src/mini_printf.o
LOAD ./Core/Src/stm32l4xx_hal_msp.o
LOAD ./Core/Src/stm32l4xx_it.o
LOAD ./Core/Src/syscalls.o
LOAD ./Core/Src/sysmem.o
LOAD ./Core/Src/system_stm32l4xx.o
LOAD ./Core/Src/uart.o
LOAD ./Core/Startup/startup_stm32l496agix.o
LOAD ./Drivers/STM32L4xx_HAL_Driver/Src/stm32l4xx_hal.o
LOAD ./Drivers/STM32L4xx_HAL_Driver/Src/stm32l4xx_hal_adc.o
LOAD ./Drivers/STM32L4xx_HAL_Driver/Src/stm32l4xx_hal_adc_ex.o
LOAD ./Drivers/STM32L4xx_HAL_Driver/Src/stm32l4xx_hal_cortex.o
LOAD ./Drivers/STM32L4xx_HAL_Driver/Src/stm32l4xx_hal_dcmi.o
LOAD ./Drivers/STM32L4xx_HAL_Driver/Src/stm32l4xx_hal_dfsdm.o
LOAD ./Drivers/STM32L4xx_HAL_Driver/Src/stm32l4xx_hal_dma.o
LOAD ./Drivers/STM32L4xx_HAL_Driver/Src/stm32l4xx_hal_dma_ex.o
LOAD ./Drivers/STM32L4xx_HAL_Driver/Src/stm32l4xx_hal_exti.o
LOAD ./Drivers/STM32L4xx_HAL_Driver/Src/stm32l4xx_hal_flash.o
LOAD ./Drivers/STM32L4xx_HAL_Driver/Src/stm32l4xx_hal_flash_ex.o
LOAD ./Drivers/STM32L4xx_HAL_Driver/Src/stm32l4xx_hal_flash_ramfunc.o
LOAD ./Drivers/STM32L4xx_HAL_Driver/Src/stm32l4xx_hal_gpio.o
LOAD ./Drivers/STM32L4xx_HAL_Driver/Src/stm32l4xx_hal_i2c.o
LOAD ./Drivers/STM32L4xx_HAL_Driver/Src/stm32l4xx_hal_i2c_ex.o
LOAD ./Drivers/STM32L4xx_HAL_Driver/Src/stm32l4xx_hal_mmc.o
LOAD ./Drivers/STM32L4xx_HAL_Driver/Src/stm32l4xx_hal_mmc_ex.o
LOAD ./Drivers/STM32L4xx_HAL_Driver/Src/stm32l4xx_hal_nand.o
LOAD ./Drivers/STM32L4xx_HAL_Driver/Src/stm32l4xx_hal_nor.o
LOAD ./Drivers/STM32L4xx_HAL_Driver/Src/stm32l4xx_hal_pcd.o
LOAD ./Drivers/STM32L4xx_HAL_Driver/Src/stm32l4xx_hal_pcd_ex.o
LOAD ./Drivers/STM32L4xx_HAL_Driver/Src/stm32l4xx_hal_pwr.o
LOAD ./Drivers/STM32L4xx_HAL_Driver/Src/stm32l4xx_hal_pwr_ex.o
LOAD ./Drivers/STM32L4xx_HAL_Driver/Src/stm32l4xx_hal_qspi.o
LOAD ./Drivers/STM32L4xx_HAL_Driver/Src/stm32l4xx_hal_rcc.o
LOAD ./Drivers/STM32L4xx_HAL_Driver/Src/stm32l4xx_hal_rcc_ex.o
LOAD ./Drivers/STM32L4xx_HAL_Driver/Src/stm32l4xx_hal_sai.o
LOAD ./Drivers/STM32L4xx_HAL_Driver/Src/stm32l4xx_hal_sai_ex.o
LOAD ./Drivers/STM32L4xx_HAL_Driver/Src/stm32l4xx_hal_sd.o
LOAD ./Drivers/STM32L4xx_HAL_Driver/Src/stm32l4xx_hal_sd_ex.o
LOAD ./Drivers/STM32L4xx_HAL_Driver/Src/stm32l4xx_hal_spi.o
LOAD ./Drivers/STM32L4xx_HAL_Driver/Src/stm32l4xx_hal_spi_ex.o
LOAD ./Drivers/STM32L4xx_HAL_Driver/Src/stm32l4xx_hal_sram.o
LOAD ./Drivers/STM32L4xx_HAL_Driver/Src/stm32l4xx_hal_uart.o
LOAD ./Drivers/STM32L4xx_HAL_Driver/Src/stm32l4xx_hal_uart_ex.o
LOAD ./Drivers/STM32L4xx_HAL_Driver/Src/stm32l4xx_ll_fmc.o
LOAD ./Drivers/STM32L4xx_HAL_Driver/Src/stm32l4xx_ll_sdmmc.o
LOAD ./Drivers/STM32L4xx_HAL_Driver/Src/stm32l4xx_ll_usb.o
LOAD ./Middlewares/ST/STM32_USB_Device_Library/Class/CDC/Src/usbd_cdc.o
LOAD ./Middlewares/ST/STM32_USB_Device_Library/Core/Src/usbd_core.o
LOAD ./Middlewares/ST/STM32_USB_Device_Library/Core/Src/usbd_ctlreq.o
LOAD ./Middlewares/ST/STM32_USB_Device_Library/Core/Src/usbd_ioreq.o
LOAD ./USB_DEVICE/App/usb_device.o
LOAD ./USB_DEVICE/App/usbd_cdc_if.o
LOAD ./USB_DEVICE/App/usbd_desc.o
LOAD ./USB_DEVICE/Target/usbd_conf.o
START GROUP
LOAD C:/ST/STM32CubeIDE_1.19.0/STM32CubeIDE/plugins/com.st.stm32cube.ide.mcu.externaltools.gnu-tools-for-stm32.13.3.rel1.win32_1.0.0.202411081344/tools/bin/../lib/gcc/arm-none-eabi/13.3.1/../../../../arm-none-eabi/lib/thumb/v7e-m+fp/hard\libc_nano.a
LOAD C:/ST/STM32CubeIDE_1.19.0/STM32CubeIDE/plugins/com.st.stm32cube.ide.mcu.externaltools.gnu-tools-for-stm32.13.3.rel1.win32_1.0.0.202411081344/tools/bin/../lib/gcc/arm-none-eabi/13.3.1/../../../../arm-none-eabi/lib/thumb/v7e-m+fp/hard\libm.a
END GROUP
START GROUP
LOAD C:/ST/STM32CubeIDE_1.19.0/STM32CubeIDE/plugins/com.st.stm32cube.ide.mcu.externaltools.gnu-tools-for-stm32.13.3.rel1.win32_1.0.0.202411081344/tools/bin/../lib/gcc/arm-none-eabi/13.3.1/thumb/v7e-m+fp/hard\libgcc.a
LOAD C:/ST/STM32CubeIDE_1.19.0/STM32CubeIDE/plugins/com.st.stm32cube.ide.mcu.externaltools.gnu-tools-for-stm32.13.3.rel1.win32_1.0.0.202411081344/tools/bin/../lib/gcc/arm-none-eabi/13.3.1/../../../../arm-none-eabi/lib/thumb/v7e-m+fp/hard\libc_nano.a
END GROUP
START GROUP
LOAD C:/ST/STM32CubeIDE_1.19.0/STM32CubeIDE/plugins/com.st.stm32cube.ide.mcu.externaltools.gnu-tools-for-stm32.13.3.rel1.win32_1.0.0.202411081344/tools/bin/../lib/gcc/arm-none-eabi/13.3.1/thumb/v7e-m+fp/hard\libgcc.a
LOAD C:/ST/STM32CubeIDE_1.19.0/STM32CubeIDE/plugins/com.st.stm32cube.ide.mcu.externaltools.gnu-tools-for-stm32.13.3.rel1.win32_1.0.0.202411081344/tools/bin/../lib/gcc/arm-none-eabi/13.3.1/../../../../arm-none-eabi/lib/thumb/v7e-m+fp/hard\libc_nano.a
LOAD C:/ST/STM32CubeIDE_1.19.0/STM32CubeIDE/plugins/com.st.stm32cube.ide.mcu.externaltools.gnu-tools-for-stm32.13.3.rel1.win32_1.0.0.202411081344/tools/bin/../lib/gcc/arm-none-eabi/13.3.1/../../../../arm-none-eabi/lib/thumb/v7e-m+fp/hard\libnosys.a
END GROUP
START GROUP
LOAD C:/ST/STM32CubeIDE_1.19.0/STM32CubeIDE/plugins/com.st.stm32cube.ide.mcu.externaltools.gnu-tools-for-stm32.13.3.rel1.win32_1.0.0.202411081344/tools/bin/../lib/gcc/arm-none-eabi/13.3.1/thumb/v7e-m+fp/hard\libgcc.a
LOAD C:/ST/STM32CubeIDE_1.19.0/STM32CubeIDE/plugins/com.st.stm32cube.ide.mcu.externaltools.gnu-tools-for-stm32.13.3.rel1.win32_1.0.0.202411081344/tools/bin/../lib/gcc/arm-none-eabi/13.3.1/../../../../arm-none-eabi/lib/thumb/v7e-m+fp/hard\libc_nano.a
LOAD C:/ST/STM32CubeIDE_1.19.0/STM32CubeIDE/plugins/com.st.stm32cube.ide.mcu.externaltools.gnu-tools-for-stm32.13.3.rel1.win32_1.0.0.202411081344/tools/bin/../lib/gcc/arm-none-eabi/13.3.1/../../../../arm-none-eabi/lib/thumb/v7e-m+fp/hard\libnosys.a
END GROUP
LOAD C:/ST/STM32CubeIDE_1.19.0/STM32CubeIDE/plugins/com.st.stm32cube.ide.mcu.externaltools.gnu-tools-for-stm32.13.3.rel1.win32_1.0.0.202411081344/tools/bin/../lib/gcc/arm-none-eabi/13.3.1/thumb/v7e-m+fp/hard/crtend.o
LOAD C:/ST/STM32CubeIDE_1.19.0/STM32CubeIDE/plugins/com.st.stm32cube.ide.mcu.externaltools.gnu-tools-for-stm32.13.3.rel1.win32_1.0.0.202411081344/tools/bin/../lib/gcc/arm-none-eabi/13.3.1/thumb/v7e-m+fp/hard/crtn.o
                0x20040000                        _estack = (ORIGIN (RAM) + LENGTH (RAM))
                0x00000200                        _Min_Heap_Size = 0x200
                0x00000400                        _Min_Stack_Size = 0x400

.isr_vector     0x08000000      0x1ac
                0x08000000                        . = ALIGN (0x4)
 *(.isr_vector)
 .isr_vector    0x08000000      0x1ac ./Core/Startup/startup_stm32l496agix.o
                0x08000000                g_pfnVectors
                0x080001ac                        . = ALIGN (0x4)

.text           0x080001ac     0x3bc0
                0x080001ac                        . = ALIGN (0x4)
 *(.text)
 .text          0x080001ac       0x40 C:/ST/STM32CubeIDE_1.19.0/STM32CubeIDE/plugins/com.st.stm32cube.ide.mcu.externaltools.gnu-tools-for-stm32.13.3.rel1.win32_1.0.0.202411081344/tools/bin/../lib/gcc/arm-none-eabi/13.3.1/thumb/v7e-m+fp/hard/crtbegin.o
 *(.text*)
 .text.main     0x080001ec       0x30 ./Core/Src/main.o
                0x080001ec                main
 .text.put_hex_nibbles
                0x0800021c       0x5a ./Core/Src/mini_printf.o
 *fill*         0x08000276        0x2 
 .text.mini_printf
                0x08000278      0x158 ./Core/Src/mini_printf.o
                0x08000278                mini_printf
 .text.NMI_Handler
                0x080003d0        0x8 ./Core/Src/stm32l4xx_it.o
                0x080003d0                NMI_Handler
 .text.HardFault_Handler
                0x080003d8        0x8 ./Core/Src/stm32l4xx_it.o
                0x080003d8                HardFault_Handler
 .text.MemManage_Handler
                0x080003e0        0x8 ./Core/Src/stm32l4xx_it.o
                0x080003e0                MemManage_Handler
 .text.BusFault_Handler
                0x080003e8        0x8 ./Core/Src/stm32l4xx_it.o
                0x080003e8                BusFault_Handler
 .text.UsageFault_Handler
                0x080003f0        0x8 ./Core/Src/stm32l4xx_it.o
                0x080003f0                UsageFault_Handler
 .text.SVC_Handler
                0x080003f8        0xe ./Core/Src/stm32l4xx_it.o
                0x080003f8                SVC_Handler
 .text.DebugMon_Handler
                0x08000406        0xe ./Core/Src/stm32l4xx_it.o
                0x08000406                DebugMon_Handler
 .text.PendSV_Handler
                0x08000414        0xe ./Core/Src/stm32l4xx_it.o
                0x08000414                PendSV_Handler
 .text.SysTick_Handler
                0x08000422        0xc ./Core/Src/stm32l4xx_it.o
                0x08000422                SysTick_Handler
 *fill*         0x0800042e        0x2 
 .text.OTG_FS_IRQHandler
                0x08000430       0x14 ./Core/Src/stm32l4xx_it.o
                0x08000430                OTG_FS_IRQHandler
 .text.SystemInit
                0x08000444       0x24 ./Core/Src/system_stm32l4xx.o
                0x08000444                SystemInit
 .text.gpio_af7_usart2_pa2_pd6
                0x08000468       0xe8 ./Core/Src/uart.o
 .text.uart2_init
                0x08000550       0x6c ./Core/Src/uart.o
                0x08000550                uart2_init
 .text.uart2_putc
                0x080005bc       0x30 ./Core/Src/uart.o
                0x080005bc                uart2_putc
 .text.uart2_write
                0x080005ec       0x38 ./Core/Src/uart.o
                0x080005ec                uart2_write
 .text.uart2_getc_blocking
                0x08000624       0x28 ./Core/Src/uart.o
                0x08000624                uart2_getc_blocking
 .text.Reset_Handler
                0x0800064c       0x50 ./Core/Startup/startup_stm32l496agix.o
                0x0800064c                Reset_Handler
 .text.Default_Handler
                0x0800069c        0x2 ./Core/Startup/startup_stm32l496agix.o
                0x0800069c                RTC_Alarm_IRQHandler
                0x0800069c                EXTI2_IRQHandler
                0x0800069c                TIM8_TRG_COM_IRQHandler
                0x0800069c                TIM8_CC_IRQHandler
                0x0800069c                TIM1_CC_IRQHandler
                0x0800069c                TSC_IRQHandler
                0x0800069c                TAMP_STAMP_IRQHandler
                0x0800069c                CAN2_RX1_IRQHandler
                0x0800069c                EXTI3_IRQHandler
                0x0800069c                LPTIM2_IRQHandler
                0x0800069c                DFSDM1_FLT1_IRQHandler
                0x0800069c                I2C3_ER_IRQHandler
                0x0800069c                DFSDM1_FLT2_IRQHandler
                0x0800069c                EXTI0_IRQHandler
                0x0800069c                I2C2_EV_IRQHandler
                0x0800069c                CAN1_RX0_IRQHandler
                0x0800069c                FPU_IRQHandler
                0x0800069c                TIM1_UP_TIM16_IRQHandler
                0x0800069c                CAN2_SCE_IRQHandler
                0x0800069c                ADC1_2_IRQHandler
                0x0800069c                SPI1_IRQHandler
                0x0800069c                TIM6_DAC_IRQHandler
                0x0800069c                DCMI_IRQHandler
                0x0800069c                CAN2_RX0_IRQHandler
                0x0800069c                TIM8_UP_IRQHandler
                0x0800069c                DMA2_Channel2_IRQHandler
                0x0800069c                DMA1_Channel4_IRQHandler
                0x0800069c                SAI2_IRQHandler
                0x0800069c                DFSDM1_FLT3_IRQHandler
                0x0800069c                USART3_IRQHandler
                0x0800069c                DMA1_Channel7_IRQHandler
                0x0800069c                CAN1_RX1_IRQHandler
                0x0800069c                LCD_IRQHandler
                0x0800069c                UART5_IRQHandler
                0x0800069c                ADC3_IRQHandler
                0x0800069c                TIM4_IRQHandler
                0x0800069c                DMA2_Channel1_IRQHandler
                0x0800069c                QUADSPI_IRQHandler
                0x0800069c                I2C1_EV_IRQHandler
                0x0800069c                DMA1_Channel6_IRQHandler
                0x0800069c                UART4_IRQHandler
                0x0800069c                DMA2_Channel4_IRQHandler
                0x0800069c                TIM3_IRQHandler
                0x0800069c                RCC_IRQHandler
                0x0800069c                DMA1_Channel1_IRQHandler
                0x0800069c                Default_Handler
                0x0800069c                DMA2_Channel7_IRQHandler
                0x0800069c                EXTI15_10_IRQHandler
                0x0800069c                TIM7_IRQHandler
                0x0800069c                SDMMC1_IRQHandler
                0x0800069c                CAN2_TX_IRQHandler
                0x0800069c                TIM5_IRQHandler
                0x0800069c                I2C3_EV_IRQHandler
                0x0800069c                EXTI9_5_IRQHandler
                0x0800069c                RTC_WKUP_IRQHandler
                0x0800069c                PVD_PVM_IRQHandler
                0x0800069c                SPI2_IRQHandler
                0x0800069c                CAN1_TX_IRQHandler
                0x0800069c                DMA2_Channel5_IRQHandler
                0x0800069c                CRS_IRQHandler
                0x0800069c                DMA1_Channel5_IRQHandler
                0x0800069c                EXTI4_IRQHandler
                0x0800069c                RNG_IRQHandler
                0x0800069c                TIM1_TRG_COM_TIM17_IRQHandler
                0x0800069c                DMA1_Channel3_IRQHandler
                0x0800069c                COMP_IRQHandler
                0x0800069c                WWDG_IRQHandler
                0x0800069c                I2C4_EV_IRQHandler
                0x0800069c                LPUART1_IRQHandler
                0x0800069c                DMA2_Channel6_IRQHandler
                0x0800069c                TIM2_IRQHandler
                0x0800069c                EXTI1_IRQHandler
                0x0800069c                USART2_IRQHandler
                0x0800069c                DFSDM1_FLT0_IRQHandler
                0x0800069c                I2C2_ER_IRQHandler
                0x0800069c                DMA1_Channel2_IRQHandler
                0x0800069c                TIM8_BRK_IRQHandler
                0x0800069c                CAN1_SCE_IRQHandler
                0x0800069c                FLASH_IRQHandler
                0x0800069c                USART1_IRQHandler
                0x0800069c                SPI3_IRQHandler
                0x0800069c                I2C1_ER_IRQHandler
                0x0800069c                FMC_IRQHandler
                0x0800069c                SWPMI1_IRQHandler
                0x0800069c                LPTIM1_IRQHandler
                0x0800069c                I2C4_ER_IRQHandler
                0x0800069c                SAI1_IRQHandler
                0x0800069c                DMA2_Channel3_IRQHandler
                0x0800069c                TIM1_BRK_TIM15_IRQHandler
 *fill*         0x0800069e        0x2 
 .text.HAL_IncTick
                0x080006a0       0x28 ./Drivers/STM32L4xx_HAL_Driver/Src/stm32l4xx_hal.o
                0x080006a0                HAL_IncTick
 .text.HAL_PCD_IRQHandler
                0x080006c8      0x92c ./Drivers/STM32L4xx_HAL_Driver/Src/stm32l4xx_hal_pcd.o
                0x080006c8                HAL_PCD_IRQHandler
 .text.HAL_PCD_SetAddress
                0x08000ff4       0x48 ./Drivers/STM32L4xx_HAL_Driver/Src/stm32l4xx_hal_pcd.o
                0x08000ff4                HAL_PCD_SetAddress
 .text.HAL_PCD_EP_Open
                0x0800103c       0xd4 ./Drivers/STM32L4xx_HAL_Driver/Src/stm32l4xx_hal_pcd.o
                0x0800103c                HAL_PCD_EP_Open
 .text.HAL_PCD_EP_Receive
                0x08001110       0x64 ./Drivers/STM32L4xx_HAL_Driver/Src/stm32l4xx_hal_pcd.o
                0x08001110                HAL_PCD_EP_Receive
 .text.HAL_PCD_EP_Transmit
                0x08001174       0x62 ./Drivers/STM32L4xx_HAL_Driver/Src/stm32l4xx_hal_pcd.o
                0x08001174                HAL_PCD_EP_Transmit
 .text.HAL_PCD_EP_SetStall
                0x080011d6       0xc4 ./Drivers/STM32L4xx_HAL_Driver/Src/stm32l4xx_hal_pcd.o
                0x080011d6                HAL_PCD_EP_SetStall
 .text.HAL_PCD_EP_ClrStall
                0x0800129a       0xac ./Drivers/STM32L4xx_HAL_Driver/Src/stm32l4xx_hal_pcd.o
                0x0800129a                HAL_PCD_EP_ClrStall
 .text.HAL_PCD_EP_Abort
                0x08001346       0x62 ./Drivers/STM32L4xx_HAL_Driver/Src/stm32l4xx_hal_pcd.o
                0x08001346                HAL_PCD_EP_Abort
 .text.PCD_WriteEmptyTxFifo
                0x080013a8      0x110 ./Drivers/STM32L4xx_HAL_Driver/Src/stm32l4xx_hal_pcd.o
 .text.PCD_EP_OutXfrComplete_int
                0x080014b8       0x9c ./Drivers/STM32L4xx_HAL_Driver/Src/stm32l4xx_hal_pcd.o
 .text.PCD_EP_OutSetupPacket_int
                0x08001554       0x68 ./Drivers/STM32L4xx_HAL_Driver/Src/stm32l4xx_hal_pcd.o
 .text.HAL_RCC_GetHCLKFreq
                0x080015bc       0x18 ./Drivers/STM32L4xx_HAL_Driver/Src/stm32l4xx_hal_rcc.o
                0x080015bc                HAL_RCC_GetHCLKFreq
 .text.USB_SetTurnaroundTime
                0x080015d4      0x138 ./Drivers/STM32L4xx_HAL_Driver/Src/stm32l4xx_ll_usb.o
                0x080015d4                USB_SetTurnaroundTime
 .text.USB_FlushTxFifo
                0x0800170c       0x64 ./Drivers/STM32L4xx_HAL_Driver/Src/stm32l4xx_ll_usb.o
                0x0800170c                USB_FlushTxFifo
 .text.USB_GetDevSpeed
                0x08001770       0x3e ./Drivers/STM32L4xx_HAL_Driver/Src/stm32l4xx_ll_usb.o
                0x08001770                USB_GetDevSpeed
 .text.USB_ActivateEndpoint
                0x080017ae      0x10e ./Drivers/STM32L4xx_HAL_Driver/Src/stm32l4xx_ll_usb.o
                0x080017ae                USB_ActivateEndpoint
 .text.USB_EPStartXfer
                0x080018bc      0x470 ./Drivers/STM32L4xx_HAL_Driver/Src/stm32l4xx_ll_usb.o
                0x080018bc                USB_EPStartXfer
 .text.USB_EPStopXfer
                0x08001d2c      0x154 ./Drivers/STM32L4xx_HAL_Driver/Src/stm32l4xx_ll_usb.o
                0x08001d2c                USB_EPStopXfer
 .text.USB_WritePacket
                0x08001e80       0x74 ./Drivers/STM32L4xx_HAL_Driver/Src/stm32l4xx_ll_usb.o
                0x08001e80                USB_WritePacket
 .text.USB_ReadPacket
                0x08001ef4       0xb0 ./Drivers/STM32L4xx_HAL_Driver/Src/stm32l4xx_ll_usb.o
                0x08001ef4                USB_ReadPacket
 .text.USB_EPSetStall
                0x08001fa4       0xdc ./Drivers/STM32L4xx_HAL_Driver/Src/stm32l4xx_ll_usb.o
                0x08001fa4                USB_EPSetStall
 .text.USB_EPClearStall
                0x08002080       0xcc ./Drivers/STM32L4xx_HAL_Driver/Src/stm32l4xx_ll_usb.o
                0x08002080                USB_EPClearStall
 .text.USB_SetDevAddress
                0x0800214c       0x4c ./Drivers/STM32L4xx_HAL_Driver/Src/stm32l4xx_ll_usb.o
                0x0800214c                USB_SetDevAddress
 .text.USB_ReadInterrupts
                0x08002198       0x26 ./Drivers/STM32L4xx_HAL_Driver/Src/stm32l4xx_ll_usb.o
                0x08002198                USB_ReadInterrupts
 .text.USB_ReadDevAllOutEpInterrupt
                0x080021be       0x34 ./Drivers/STM32L4xx_HAL_Driver/Src/stm32l4xx_ll_usb.o
                0x080021be                USB_ReadDevAllOutEpInterrupt
 .text.USB_ReadDevAllInEpInterrupt
                0x080021f2       0x34 ./Drivers/STM32L4xx_HAL_Driver/Src/stm32l4xx_ll_usb.o
                0x080021f2                USB_ReadDevAllInEpInterrupt
 .text.USB_ReadDevOutEPInterrupt
                0x08002226       0x3c ./Drivers/STM32L4xx_HAL_Driver/Src/stm32l4xx_ll_usb.o
                0x08002226                USB_ReadDevOutEPInterrupt
 .text.USB_ReadDevInEPInterrupt
                0x08002262       0x5c ./Drivers/STM32L4xx_HAL_Driver/Src/stm32l4xx_ll_usb.o
                0x08002262                USB_ReadDevInEPInterrupt
 .text.USB_GetMode
                0x080022be       0x1c ./Drivers/STM32L4xx_HAL_Driver/Src/stm32l4xx_ll_usb.o
                0x080022be                USB_GetMode
 .text.USB_ActivateSetup
                0x080022da       0x46 ./Drivers/STM32L4xx_HAL_Driver/Src/stm32l4xx_ll_usb.o
                0x080022da                USB_ActivateSetup
 .text.USB_EP0_OutStart
                0x08002320       0x90 ./Drivers/STM32L4xx_HAL_Driver/Src/stm32l4xx_ll_usb.o
                0x08002320                USB_EP0_OutStart
 .text.USBD_RunTestMode
                0x080023b0       0x16 ./Middlewares/ST/STM32_USB_Device_Library/Core/Src/usbd_core.o
                0x080023b0                USBD_RunTestMode
 .text.USBD_SetClassConfig
                0x080023c6       0x38 ./Middlewares/ST/STM32_USB_Device_Library/Core/Src/usbd_core.o
                0x080023c6                USBD_SetClassConfig
 .text.USBD_ClrClassConfig
                0x080023fe       0x34 ./Middlewares/ST/STM32_USB_Device_Library/Core/Src/usbd_core.o
                0x080023fe                USBD_ClrClassConfig
 .text.USBD_LL_SetupStage
                0x08002432       0xaa ./Middlewares/ST/STM32_USB_Device_Library/Core/Src/usbd_core.o
                0x08002432                USBD_LL_SetupStage
 .text.USBD_LL_DataOutStage
                0x080024dc      0x166 ./Middlewares/ST/STM32_USB_Device_Library/Core/Src/usbd_core.o
                0x080024dc                USBD_LL_DataOutStage
 .text.USBD_LL_DataInStage
                0x08002642      0x164 ./Middlewares/ST/STM32_USB_Device_Library/Core/Src/usbd_core.o
                0x08002642                USBD_LL_DataInStage
 .text.USBD_LL_Reset
                0x080027a6       0xa4 ./Middlewares/ST/STM32_USB_Device_Library/Core/Src/usbd_core.o
                0x080027a6                USBD_LL_Reset
 .text.USBD_LL_SetSpeed
                0x0800284a       0x20 ./Middlewares/ST/STM32_USB_Device_Library/Core/Src/usbd_core.o
                0x0800284a                USBD_LL_SetSpeed
 .text.USBD_LL_Suspend
                0x0800286a       0x38 ./Middlewares/ST/STM32_USB_Device_Library/Core/Src/usbd_core.o
                0x0800286a                USBD_LL_Suspend
 .text.USBD_LL_Resume
                0x080028a2       0x30 ./Middlewares/ST/STM32_USB_Device_Library/Core/Src/usbd_core.o
                0x080028a2                USBD_LL_Resume
 .text.USBD_LL_SOF
                0x080028d2       0x40 ./Middlewares/ST/STM32_USB_Device_Library/Core/Src/usbd_core.o
                0x080028d2                USBD_LL_SOF
 .text.USBD_LL_IsoINIncomplete
                0x08002912       0x64 ./Middlewares/ST/STM32_USB_Device_Library/Core/Src/usbd_core.o
                0x08002912                USBD_LL_IsoINIncomplete
 .text.USBD_LL_IsoOUTIncomplete
                0x08002976       0x64 ./Middlewares/ST/STM32_USB_Device_Library/Core/Src/usbd_core.o
                0x08002976                USBD_LL_IsoOUTIncomplete
 .text.USBD_LL_DevConnected
                0x080029da       0x16 ./Middlewares/ST/STM32_USB_Device_Library/Core/Src/usbd_core.o
                0x080029da                USBD_LL_DevConnected
 .text.USBD_LL_DevDisconnected
                0x080029f0       0x46 ./Middlewares/ST/STM32_USB_Device_Library/Core/Src/usbd_core.o
                0x080029f0                USBD_LL_DevDisconnected
 .text.USBD_CoreFindIF
                0x08002a36       0x1a ./Middlewares/ST/STM32_USB_Device_Library/Core/Src/usbd_core.o
                0x08002a36                USBD_CoreFindIF
 .text.USBD_CoreFindEP
                0x08002a50       0x1a ./Middlewares/ST/STM32_USB_Device_Library/Core/Src/usbd_core.o
                0x08002a50                USBD_CoreFindEP
 .text.SWAPBYTE
                0x08002a6a       0x3e ./Middlewares/ST/STM32_USB_Device_Library/Core/Src/usbd_ctlreq.o
 .text.USBD_StdDevReq
                0x08002aa8       0xe4 ./Middlewares/ST/STM32_USB_Device_Library/Core/Src/usbd_ctlreq.o
                0x08002aa8                USBD_StdDevReq
 .text.USBD_StdItfReq
                0x08002b8c       0xd8 ./Middlewares/ST/STM32_USB_Device_Library/Core/Src/usbd_ctlreq.o
                0x08002b8c                USBD_StdItfReq
 .text.USBD_StdEPReq
                0x08002c64      0x33a ./Middlewares/ST/STM32_USB_Device_Library/Core/Src/usbd_ctlreq.o
                0x08002c64                USBD_StdEPReq
 *fill*         0x08002f9e        0x2 
 .text.USBD_GetDescriptor
                0x08002fa0      0x328 ./Middlewares/ST/STM32_USB_Device_Library/Core/Src/usbd_ctlreq.o
 .text.USBD_SetAddress
                0x080032c8       0x88 ./Middlewares/ST/STM32_USB_Device_Library/Core/Src/usbd_ctlreq.o
 .text.USBD_SetConfig
                0x08003350      0x154 ./Middlewares/ST/STM32_USB_Device_Library/Core/Src/usbd_ctlreq.o
 .text.USBD_GetConfig
                0x080034a4       0x6c ./Middlewares/ST/STM32_USB_Device_Library/Core/Src/usbd_ctlreq.o
 .text.USBD_GetStatus
                0x08003510       0x68 ./Middlewares/ST/STM32_USB_Device_Library/Core/Src/usbd_ctlreq.o
 .text.USBD_SetFeature
                0x08003578       0x52 ./Middlewares/ST/STM32_USB_Device_Library/Core/Src/usbd_ctlreq.o
 .text.USBD_ClrFeature
                0x080035ca       0x44 ./Middlewares/ST/STM32_USB_Device_Library/Core/Src/usbd_ctlreq.o
 .text.USBD_ParseSetupRequest
                0x0800360e       0x74 ./Middlewares/ST/STM32_USB_Device_Library/Core/Src/usbd_ctlreq.o
                0x0800360e                USBD_ParseSetupRequest
 .text.USBD_CtlError
                0x08003682       0x22 ./Middlewares/ST/STM32_USB_Device_Library/Core/Src/usbd_ctlreq.o
                0x08003682                USBD_CtlError
 .text.USBD_CtlSendData
                0x080036a4       0x36 ./Middlewares/ST/STM32_USB_Device_Library/Core/Src/usbd_ioreq.o
                0x080036a4                USBD_CtlSendData
 .text.USBD_CtlContinueSendData
                0x080036da       0x22 ./Middlewares/ST/STM32_USB_Device_Library/Core/Src/usbd_ioreq.o
                0x080036da                USBD_CtlContinueSendData
 .text.USBD_CtlContinueRx
                0x080036fc       0x22 ./Middlewares/ST/STM32_USB_Device_Library/Core/Src/usbd_ioreq.o
                0x080036fc                USBD_CtlContinueRx
 .text.USBD_CtlSendStatus
                0x0800371e       0x26 ./Middlewares/ST/STM32_USB_Device_Library/Core/Src/usbd_ioreq.o
                0x0800371e                USBD_CtlSendStatus
 .text.USBD_CtlReceiveStatus
                0x08003744       0x26 ./Middlewares/ST/STM32_USB_Device_Library/Core/Src/usbd_ioreq.o
                0x08003744                USBD_CtlReceiveStatus
 .text.HAL_PCD_SetupStageCallback
                0x0800376a       0x24 ./USB_DEVICE/Target/usbd_conf.o
                0x0800376a                HAL_PCD_SetupStageCallback
 .text.HAL_PCD_DataOutStageCallback
                0x0800378e       0x36 ./USB_DEVICE/Target/usbd_conf.o
                0x0800378e                HAL_PCD_DataOutStageCallback
 .text.HAL_PCD_DataInStageCallback
                0x080037c4       0x34 ./USB_DEVICE/Target/usbd_conf.o
                0x080037c4                HAL_PCD_DataInStageCallback
 .text.HAL_PCD_SOFCallback
                0x080037f8       0x1c ./USB_DEVICE/Target/usbd_conf.o
                0x080037f8                HAL_PCD_SOFCallback
 .text.HAL_PCD_ResetCallback
                0x08003814       0x3c ./USB_DEVICE/Target/usbd_conf.o
                0x08003814                HAL_PCD_ResetCallback
 .text.HAL_PCD_SuspendCallback
                0x08003850       0x4c ./USB_DEVICE/Target/usbd_conf.o
                0x08003850                HAL_PCD_SuspendCallback
 .text.HAL_PCD_ResumeCallback
                0x0800389c       0x50 ./USB_DEVICE/Target/usbd_conf.o
                0x0800389c                HAL_PCD_ResumeCallback
 .text.HAL_PCD_ISOOUTIncompleteCallback
                0x080038ec       0x24 ./USB_DEVICE/Target/usbd_conf.o
                0x080038ec                HAL_PCD_ISOOUTIncompleteCallback
 .text.HAL_PCD_ISOINIncompleteCallback
                0x08003910       0x24 ./USB_DEVICE/Target/usbd_conf.o
                0x08003910                HAL_PCD_ISOINIncompleteCallback
 .text.HAL_PCD_ConnectCallback
                0x08003934       0x1c ./USB_DEVICE/Target/usbd_conf.o
                0x08003934                HAL_PCD_ConnectCallback
 .text.HAL_PCD_DisconnectCallback
                0x08003950       0x1c ./USB_DEVICE/Target/usbd_conf.o
                0x08003950                HAL_PCD_DisconnectCallback
 .text.USBD_LL_OpenEP
                0x0800396c       0x7c ./USB_DEVICE/Target/usbd_conf.o
                0x0800396c                USBD_LL_OpenEP
 .text.USBD_LL_StallEP
                0x080039e8       0x6c ./USB_DEVICE/Target/usbd_conf.o
                0x080039e8                USBD_LL_StallEP
 .text.USBD_LL_ClearStallEP
                0x08003a54       0x6c ./USB_DEVICE/Target/usbd_conf.o
                0x08003a54                USBD_LL_ClearStallEP
 .text.USBD_LL_IsStallEP
                0x08003ac0       0x58 ./USB_DEVICE/Target/usbd_conf.o
                0x08003ac0                USBD_LL_IsStallEP
 .text.USBD_LL_SetUSBAddress
                0x08003b18       0x6c ./USB_DEVICE/Target/usbd_conf.o
                0x08003b18                USBD_LL_SetUSBAddress
 .text.USBD_LL_Transmit
                0x08003b84       0x70 ./USB_DEVICE/Target/usbd_conf.o
                0x08003b84                USBD_LL_Transmit
 .text.USBD_LL_PrepareReceive
                0x08003bf4       0x70 ./USB_DEVICE/Target/usbd_conf.o
                0x08003bf4                USBD_LL_PrepareReceive
 .text.HAL_PCDEx_LPM_Callback
                0x08003c64       0x9c ./USB_DEVICE/Target/usbd_conf.o
                0x08003c64                HAL_PCDEx_LPM_Callback
 .text.SystemClockConfig_Resume
                0x08003d00        0xc ./USB_DEVICE/Target/usbd_conf.o
 .text.__libc_init_array
                0x08003d0c       0x48 C:/ST/STM32CubeIDE_1.19.0/STM32CubeIDE/plugins/com.st.stm32cube.ide.mcu.externaltools.gnu-tools-for-stm32.13.3.rel1.win32_1.0.0.202411081344/tools/bin/../lib/gcc/arm-none-eabi/13.3.1/../../../../arm-none-eabi/lib/thumb/v7e-m+fp/hard\libc_nano.a(libc_a-init.o)
                0x08003d0c                __libc_init_array
 *(.glue_7)
 .glue_7        0x08003d54        0x0 linker stubs
 *(.glue_7t)
 .glue_7t       0x08003d54        0x0 linker stubs
 *(.eh_frame)
 .eh_frame      0x08003d54        0x0 C:/ST/STM32CubeIDE_1.19.0/STM32CubeIDE/plugins/com.st.stm32cube.ide.mcu.externaltools.gnu-tools-for-stm32.13.3.rel1.win32_1.0.0.202411081344/tools/bin/../lib/gcc/arm-none-eabi/13.3.1/thumb/v7e-m+fp/hard/crtbegin.o
 *(.init)
 .init          0x08003d54        0x4 C:/ST/STM32CubeIDE_1.19.0/STM32CubeIDE/plugins/com.st.stm32cube.ide.mcu.externaltools.gnu-tools-for-stm32.13.3.rel1.win32_1.0.0.202411081344/tools/bin/../lib/gcc/arm-none-eabi/13.3.1/thumb/v7e-m+fp/hard/crti.o
                0x08003d54                _init
 .init          0x08003d58        0x8 C:/ST/STM32CubeIDE_1.19.0/STM32CubeIDE/plugins/com.st.stm32cube.ide.mcu.externaltools.gnu-tools-for-stm32.13.3.rel1.win32_1.0.0.202411081344/tools/bin/../lib/gcc/arm-none-eabi/13.3.1/thumb/v7e-m+fp/hard/crtn.o
 *(.fini)
 .fini          0x08003d60        0x4 C:/ST/STM32CubeIDE_1.19.0/STM32CubeIDE/plugins/com.st.stm32cube.ide.mcu.externaltools.gnu-tools-for-stm32.13.3.rel1.win32_1.0.0.202411081344/tools/bin/../lib/gcc/arm-none-eabi/13.3.1/thumb/v7e-m+fp/hard/crti.o
                0x08003d60                _fini
 .fini          0x08003d64        0x8 C:/ST/STM32CubeIDE_1.19.0/STM32CubeIDE/plugins/com.st.stm32cube.ide.mcu.externaltools.gnu-tools-for-stm32.13.3.rel1.win32_1.0.0.202411081344/tools/bin/../lib/gcc/arm-none-eabi/13.3.1/thumb/v7e-m+fp/hard/crtn.o
                0x08003d6c                        . = ALIGN (0x4)
                0x08003d6c                        _etext = .

.vfp11_veneer   0x08003d6c        0x0
 .vfp11_veneer  0x08003d6c        0x0 linker stubs

.v4_bx          0x08003d6c        0x0
 .v4_bx         0x08003d6c        0x0 linker stubs

.iplt           0x08003d6c        0x0
 .iplt          0x08003d6c        0x0 C:/ST/STM32CubeIDE_1.19.0/STM32CubeIDE/plugins/com.st.stm32cube.ide.mcu.externaltools.gnu-tools-for-stm32.13.3.rel1.win32_1.0.0.202411081344/tools/bin/../lib/gcc/arm-none-eabi/13.3.1/thumb/v7e-m+fp/hard/crtbegin.o

.rodata         0x08003d6c       0x34
                0x08003d6c                        . = ALIGN (0x4)
 *(.rodata)
 .rodata        0x08003d6c       0x28 ./Core/Src/main.o
 .rodata        0x08003d94        0xb ./Core/Src/mini_printf.o
 *(.rodata*)
                0x08003da0                        . = ALIGN (0x4)
 *fill*         0x08003d9f        0x1 

.ARM.extab      0x08003da0        0x0
                0x08003da0                        . = ALIGN (0x4)
 *(.ARM.extab* .gnu.linkonce.armextab.*)
                0x08003da0                        . = ALIGN (0x4)

.ARM            0x08003da0        0x0
                0x08003da0                        . = ALIGN (0x4)
                0x08003da0                        __exidx_start = .
 *(.ARM.exidx*)
                0x08003da0                        __exidx_end = .
                0x08003da0                        . = ALIGN (0x4)

.preinit_array  0x08003da0        0x0
                0x08003da0                        . = ALIGN (0x4)
                0x08003da0                        PROVIDE (__preinit_array_start = .)
 *(.preinit_array*)
                0x08003da0                        PROVIDE (__preinit_array_end = .)
                0x08003da0                        . = ALIGN (0x4)

.init_array     0x08003da0        0x4
                0x08003da0                        . = ALIGN (0x4)
                0x08003da0                        PROVIDE (__init_array_start = .)
 *(SORT_BY_NAME(.init_array.*))
 *(.init_array*)
 .init_array    0x08003da0        0x4 C:/ST/STM32CubeIDE_1.19.0/STM32CubeIDE/plugins/com.st.stm32cube.ide.mcu.externaltools.gnu-tools-for-stm32.13.3.rel1.win32_1.0.0.202411081344/tools/bin/../lib/gcc/arm-none-eabi/13.3.1/thumb/v7e-m+fp/hard/crtbegin.o
                0x08003da4                        PROVIDE (__init_array_end = .)
                0x08003da4                        . = ALIGN (0x4)

.fini_array     0x08003da4        0x4
                0x08003da4                        . = ALIGN (0x4)
                [!provide]                        PROVIDE (__fini_array_start = .)
 *(SORT_BY_NAME(.fini_array.*))
 *(.fini_array*)
 .fini_array    0x08003da4        0x4 C:/ST/STM32CubeIDE_1.19.0/STM32CubeIDE/plugins/com.st.stm32cube.ide.mcu.externaltools.gnu-tools-for-stm32.13.3.rel1.win32_1.0.0.202411081344/tools/bin/../lib/gcc/arm-none-eabi/13.3.1/thumb/v7e-m+fp/hard/crtbegin.o
                [!provide]                        PROVIDE (__fini_array_end = .)
                0x08003da8                        . = ALIGN (0x4)
                0x08003da8                        _sidata = LOADADDR (.data)

.rel.dyn        0x08003da8        0x0
 .rel.iplt      0x08003da8        0x0 C:/ST/STM32CubeIDE_1.19.0/STM32CubeIDE/plugins/com.st.stm32cube.ide.mcu.externaltools.gnu-tools-for-stm32.13.3.rel1.win32_1.0.0.202411081344/tools/bin/../lib/gcc/arm-none-eabi/13.3.1/thumb/v7e-m+fp/hard/crtbegin.o

.data           0x20000000        0x8 load address 0x08003da8
                0x20000000                        . = ALIGN (0x4)
                0x20000000                        _sdata = .
 *(.data)
 *(.data*)
 .data.SystemCoreClock
                0x20000000        0x4 ./Core/Src/system_stm32l4xx.o
                0x20000000                SystemCoreClock
 .data.uwTickFreq
                0x20000004        0x1 ./Drivers/STM32L4xx_HAL_Driver/Src/stm32l4xx_hal.o
                0x20000004                uwTickFreq
 *(.RamFunc)
 *(.RamFunc*)
                0x20000008                        . = ALIGN (0x4)
 *fill*         0x20000005        0x3 
                0x20000008                        _edata = .

.igot.plt       0x20000008        0x0 load address 0x08003db0
 .igot.plt      0x20000008        0x0 C:/ST/STM32CubeIDE_1.19.0/STM32CubeIDE/plugins/com.st.stm32cube.ide.mcu.externaltools.gnu-tools-for-stm32.13.3.rel1.win32_1.0.0.202411081344/tools/bin/../lib/gcc/arm-none-eabi/13.3.1/thumb/v7e-m+fp/hard/crtbegin.o
                0x20000008                        . = ALIGN (0x4)

.bss            0x20000008      0x508 load address 0x08003db0
                0x20000008                        _sbss = .
                0x20000008                        __bss_start__ = _sbss
 *(.bss)
 .bss           0x20000008       0x1c C:/ST/STM32CubeIDE_1.19.0/STM32CubeIDE/plugins/com.st.stm32cube.ide.mcu.externaltools.gnu-tools-for-stm32.13.3.rel1.win32_1.0.0.202411081344/tools/bin/../lib/gcc/arm-none-eabi/13.3.1/thumb/v7e-m+fp/hard/crtbegin.o
 *(.bss*)
 .bss.uwTick    0x20000024        0x4 ./Drivers/STM32L4xx_HAL_Driver/Src/stm32l4xx_hal.o
                0x20000024                uwTick
 .bss.cfgidx.0  0x20000028        0x1 ./Middlewares/ST/STM32_USB_Device_Library/Core/Src/usbd_ctlreq.o
 *fill*         0x20000029        0x3 
 .bss.hpcd_USB_OTG_FS
                0x2000002c      0x4e4 ./USB_DEVICE/Target/usbd_conf.o
                0x2000002c                hpcd_USB_OTG_FS
 *(COMMON)
                0x20000510                        . = ALIGN (0x4)
                0x20000510                        _ebss = .
                0x20000510                        __bss_end__ = _ebss

._user_heap_stack
                0x20000510      0x600 load address 0x08003db0
                0x20000510                        . = ALIGN (0x8)
                [!provide]                        PROVIDE (end = .)
                0x20000510                        PROVIDE (_end = .)
                0x20000710                        . = (. + _Min_Heap_Size)
 *fill*         0x20000510      0x200 
                0x20000b10                        . = (. + _Min_Stack_Size)
 *fill*         0x20000710      0x400 
                0x20000b10                        . = ALIGN (0x8)

/DISCARD/
 libc.a(*)
 libm.a(*)
 libgcc.a(*)

.ARM.attributes
                0x00000000       0x30
 *(.ARM.attributes)
 .ARM.attributes
                0x00000000       0x22 C:/ST/STM32CubeIDE_1.19.0/STM32CubeIDE/plugins/com.st.stm32cube.ide.mcu.externaltools.gnu-tools-for-stm32.13.3.rel1.win32_1.0.0.202411081344/tools/bin/../lib/gcc/arm-none-eabi/13.3.1/thumb/v7e-m+fp/hard/crti.o
 .ARM.attributes
                0x00000022       0x34 C:/ST/STM32CubeIDE_1.19.0/STM32CubeIDE/plugins/com.st.stm32cube.ide.mcu.externaltools.gnu-tools-for-stm32.13.3.rel1.win32_1.0.0.202411081344/tools/bin/../lib/gcc/arm-none-eabi/13.3.1/thumb/v7e-m+fp/hard/crtbegin.o
 .ARM.attributes
                0x00000056       0x34 ./Core/Src/main.o
 .ARM.attributes
                0x0000008a       0x34 ./Core/Src/mini_printf.o
 .ARM.attributes
                0x000000be       0x34 ./Core/Src/stm32l4xx_it.o
 .ARM.attributes
                0x000000f2       0x34 ./Core/Src/system_stm32l4xx.o
 .ARM.attributes
                0x00000126       0x34 ./Core/Src/uart.o
 .ARM.attributes
                0x0000015a       0x21 ./Core/Startup/startup_stm32l496agix.o
 .ARM.attributes
                0x0000017b       0x34 ./Drivers/STM32L4xx_HAL_Driver/Src/stm32l4xx_hal.o
 .ARM.attributes
                0x000001af       0x34 ./Drivers/STM32L4xx_HAL_Driver/Src/stm32l4xx_hal_pcd.o
 .ARM.attributes
                0x000001e3       0x34 ./Drivers/STM32L4xx_HAL_Driver/Src/stm32l4xx_hal_rcc.o
 .ARM.attributes
                0x00000217       0x34 ./Drivers/STM32L4xx_HAL_Driver/Src/stm32l4xx_ll_usb.o
 .ARM.attributes
                0x0000024b       0x34 ./Middlewares/ST/STM32_USB_Device_Library/Core/Src/usbd_core.o
 .ARM.attributes
                0x0000027f       0x34 ./Middlewares/ST/STM32_USB_Device_Library/Core/Src/usbd_ctlreq.o
 .ARM.attributes
                0x000002b3       0x34 ./Middlewares/ST/STM32_USB_Device_Library/Core/Src/usbd_ioreq.o
 .ARM.attributes
                0x000002e7       0x34 ./USB_DEVICE/Target/usbd_conf.o
 .ARM.attributes
                0x0000031b       0x34 C:/ST/STM32CubeIDE_1.19.0/STM32CubeIDE/plugins/com.st.stm32cube.ide.mcu.externaltools.gnu-tools-for-stm32.13.3.rel1.win32_1.0.0.202411081344/tools/bin/../lib/gcc/arm-none-eabi/13.3.1/../../../../arm-none-eabi/lib/thumb/v7e-m+fp/hard\libc_nano.a(libc_a-init.o)
 .ARM.attributes
                0x0000034f       0x22 C:/ST/STM32CubeIDE_1.19.0/STM32CubeIDE/plugins/com.st.stm32cube.ide.mcu.externaltools.gnu-tools-for-stm32.13.3.rel1.win32_1.0.0.202411081344/tools/bin/../lib/gcc/arm-none-eabi/13.3.1/thumb/v7e-m+fp/hard/crtn.o
OUTPUT(os_linnert.elf elf32-littlearm)
LOAD linker stubs
LOAD C:/ST/STM32CubeIDE_1.19.0/STM32CubeIDE/plugins/com.st.stm32cube.ide.mcu.externaltools.gnu-tools-for-stm32.13.3.rel1.win32_1.0.0.202411081344/tools/bin/../lib/gcc/arm-none-eabi/13.3.1/../../../../arm-none-eabi/lib/thumb/v7e-m+fp/hard\libc.a
LOAD C:/ST/STM32CubeIDE_1.19.0/STM32CubeIDE/plugins/com.st.stm32cube.ide.mcu.externaltools.gnu-tools-for-stm32.13.3.rel1.win32_1.0.0.202411081344/tools/bin/../lib/gcc/arm-none-eabi/13.3.1/../../../../arm-none-eabi/lib/thumb/v7e-m+fp/hard\libm.a
LOAD C:/ST/STM32CubeIDE_1.19.0/STM32CubeIDE/plugins/com.st.stm32cube.ide.mcu.externaltools.gnu-tools-for-stm32.13.3.rel1.win32_1.0.0.202411081344/tools/bin/../lib/gcc/arm-none-eabi/13.3.1/thumb/v7e-m+fp/hard\libgcc.a

.debug_info     0x00000000     0x9958
 .debug_info    0x00000000      0x105 ./Core/Src/main.o
 .debug_info    0x00000105      0x203 ./Core/Src/mini_printf.o
 .debug_info    0x00000308      0x69f ./Core/Src/stm32l4xx_it.o
 .debug_info    0x000009a7      0x5cd ./Core/Src/system_stm32l4xx.o
 .debug_info    0x00000f74      0x509 ./Core/Src/uart.o
 .debug_info    0x0000147d       0x30 ./Core/Startup/startup_stm32l496agix.o
 .debug_info    0x000014ad      0xb4b ./Drivers/STM32L4xx_HAL_Driver/Src/stm32l4xx_hal.o
 .debug_info    0x00001ff8     0x14d6 ./Drivers/STM32L4xx_HAL_Driver/Src/stm32l4xx_hal_pcd.o
 .debug_info    0x000034ce      0xc3b ./Drivers/STM32L4xx_HAL_Driver/Src/stm32l4xx_hal_rcc.o
 .debug_info    0x00004109     0x1994 ./Drivers/STM32L4xx_HAL_Driver/Src/stm32l4xx_ll_usb.o
 .debug_info    0x00005a9d      0xe12 ./Middlewares/ST/STM32_USB_Device_Library/Core/Src/usbd_core.o
 .debug_info    0x000068af      0xaeb ./Middlewares/ST/STM32_USB_Device_Library/Core/Src/usbd_ctlreq.o
 .debug_info    0x0000739a      0x762 ./Middlewares/ST/STM32_USB_Device_Library/Core/Src/usbd_ioreq.o
 .debug_info    0x00007afc     0x1e5c ./USB_DEVICE/Target/usbd_conf.o

.debug_abbrev   0x00000000     0x1a67
 .debug_abbrev  0x00000000       0xcd ./Core/Src/main.o
 .debug_abbrev  0x000000cd       0xfd ./Core/Src/mini_printf.o
 .debug_abbrev  0x000001ca      0x1a4 ./Core/Src/stm32l4xx_it.o
 .debug_abbrev  0x0000036e      0x11a ./Core/Src/system_stm32l4xx.o
 .debug_abbrev  0x00000488      0x149 ./Core/Src/uart.o
 .debug_abbrev  0x000005d1       0x24 ./Core/Startup/startup_stm32l496agix.o
 .debug_abbrev  0x000005f5      0x242 ./Drivers/STM32L4xx_HAL_Driver/Src/stm32l4xx_hal.o
 .debug_abbrev  0x00000837      0x2da ./Drivers/STM32L4xx_HAL_Driver/Src/stm32l4xx_hal_pcd.o
 .debug_abbrev  0x00000b11      0x2cb ./Drivers/STM32L4xx_HAL_Driver/Src/stm32l4xx_hal_rcc.o
 .debug_abbrev  0x00000ddc      0x2b1 ./Drivers/STM32L4xx_HAL_Driver/Src/stm32l4xx_ll_usb.o
 .debug_abbrev  0x0000108d      0x27c ./Middlewares/ST/STM32_USB_Device_Library/Core/Src/usbd_core.o
 .debug_abbrev  0x00001309      0x26f ./Middlewares/ST/STM32_USB_Device_Library/Core/Src/usbd_ctlreq.o
 .debug_abbrev  0x00001578      0x19a ./Middlewares/ST/STM32_USB_Device_Library/Core/Src/usbd_ioreq.o
 .debug_abbrev  0x00001712      0x355 ./USB_DEVICE/Target/usbd_conf.o

.debug_aranges  0x00000000      0x8a8
 .debug_aranges
                0x00000000       0x20 ./Core/Src/main.o
 .debug_aranges
                0x00000020       0x28 ./Core/Src/mini_printf.o
 .debug_aranges
                0x00000048       0x68 ./Core/Src/stm32l4xx_it.o
 .debug_aranges
                0x000000b0       0x28 ./Core/Src/system_stm32l4xx.o
 .debug_aranges
                0x000000d8       0x40 ./Core/Src/uart.o
 .debug_aranges
                0x00000118       0x28 ./Core/Startup/startup_stm32l496agix.o
 .debug_aranges
                0x00000140      0x130 ./Drivers/STM32L4xx_HAL_Driver/Src/stm32l4xx_hal.o
 .debug_aranges
                0x00000270      0x138 ./Drivers/STM32L4xx_HAL_Driver/Src/stm32l4xx_hal_pcd.o
 .debug_aranges
                0x000003a8       0x90 ./Drivers/STM32L4xx_HAL_Driver/Src/stm32l4xx_hal_rcc.o
 .debug_aranges
                0x00000438      0x1a0 ./Drivers/STM32L4xx_HAL_Driver/Src/stm32l4xx_ll_usb.o
 .debug_aranges
                0x000005d8       0xd8 ./Middlewares/ST/STM32_USB_Device_Library/Core/Src/usbd_core.o
 .debug_aranges
                0x000006b0       0x90 ./Middlewares/ST/STM32_USB_Device_Library/Core/Src/usbd_ctlreq.o
 .debug_aranges
                0x00000740       0x50 ./Middlewares/ST/STM32_USB_Device_Library/Core/Src/usbd_ioreq.o
 .debug_aranges
                0x00000790      0x118 ./USB_DEVICE/Target/usbd_conf.o

.debug_rnglists
                0x00000000      0x66a
 .debug_rnglists
                0x00000000       0x13 ./Core/Src/main.o
 .debug_rnglists
                0x00000013       0x1a ./Core/Src/mini_printf.o
 .debug_rnglists
                0x0000002d       0x49 ./Core/Src/stm32l4xx_it.o
 .debug_rnglists
                0x00000076       0x1a ./Core/Src/system_stm32l4xx.o
 .debug_rnglists
                0x00000090       0x2c ./Core/Src/uart.o
 .debug_rnglists
                0x000000bc       0x19 ./Core/Startup/startup_stm32l496agix.o
 .debug_rnglists
                0x000000d5       0xdf ./Drivers/STM32L4xx_HAL_Driver/Src/stm32l4xx_hal.o
 .debug_rnglists
                0x000001b4       0xed ./Drivers/STM32L4xx_HAL_Driver/Src/stm32l4xx_hal_pcd.o
 .debug_rnglists
                0x000002a1       0x6d ./Drivers/STM32L4xx_HAL_Driver/Src/stm32l4xx_hal_rcc.o
 .debug_rnglists
                0x0000030e      0x146 ./Drivers/STM32L4xx_HAL_Driver/Src/stm32l4xx_ll_usb.o
 .debug_rnglists
                0x00000454       0xa1 ./Middlewares/ST/STM32_USB_Device_Library/Core/Src/usbd_core.o
 .debug_rnglists
                0x000004f5       0x6e ./Middlewares/ST/STM32_USB_Device_Library/Core/Src/usbd_ctlreq.o
 .debug_rnglists
                0x00000563       0x37 ./Middlewares/ST/STM32_USB_Device_Library/Core/Src/usbd_ioreq.o
 .debug_rnglists
                0x0000059a       0xd0 ./USB_DEVICE/Target/usbd_conf.o

.debug_macro    0x00000000    0x2c15c
 .debug_macro   0x00000000      0x280 ./Core/Src/main.o
 .debug_macro   0x00000280      0xad8 ./Core/Src/main.o
 .debug_macro   0x00000d58       0x22 ./Core/Src/main.o
 .debug_macro   0x00000d7a       0x8e ./Core/Src/main.o
 .debug_macro   0x00000e08       0x51 ./Core/Src/main.o
 .debug_macro   0x00000e59      0x103 ./Core/Src/main.o
 .debug_macro   0x00000f5c       0x6a ./Core/Src/main.o
 .debug_macro   0x00000fc6      0x1df ./Core/Src/main.o
 .debug_macro   0x000011a5       0x2e ./Core/Src/main.o
 .debug_macro   0x000011d3       0x28 ./Core/Src/main.o
 .debug_macro   0x000011fb       0x1c ./Core/Src/main.o
 .debug_macro   0x00001217       0x22 ./Core/Src/main.o
 .debug_macro   0x00001239       0xfb ./Core/Src/main.o
 .debug_macro   0x00001334     0x1011 ./Core/Src/main.o
 .debug_macro   0x00002345      0x11f ./Core/Src/main.o
 .debug_macro   0x00002464    0x1c1e2 ./Core/Src/main.o
 .debug_macro   0x0001e646       0x6d ./Core/Src/main.o
 .debug_macro   0x0001e6b3      0x1dd ./Core/Src/main.o
 .debug_macro   0x0001e890     0x38fb ./Core/Src/main.o
 .debug_macro   0x0002218b      0x190 ./Core/Src/main.o
 .debug_macro   0x0002231b       0x5c ./Core/Src/main.o
 .debug_macro   0x00022377     0x187d ./Core/Src/main.o
 .debug_macro   0x00023bf4      0x773 ./Core/Src/main.o
 .debug_macro   0x00024367      0x1b9 ./Core/Src/main.o
 .debug_macro   0x00024520      0x202 ./Core/Src/main.o
 .debug_macro   0x00024722      0x26b ./Core/Src/main.o
 .debug_macro   0x0002498d      0x2a3 ./Core/Src/main.o
 .debug_macro   0x00024c30      0x23d ./Core/Src/main.o
 .debug_macro   0x00024e6d      0xfad ./Core/Src/main.o
 .debug_macro   0x00025e1a      0x639 ./Core/Src/main.o
 .debug_macro   0x00026453      0x31a ./Core/Src/main.o
 .debug_macro   0x0002676d      0x22c ./Core/Src/main.o
 .debug_macro   0x00026999      0x241 ./Core/Src/main.o
 .debug_macro   0x00026bda      0x3ad ./Core/Src/main.o
 .debug_macro   0x00026f87       0xe4 ./Core/Src/main.o
 .debug_macro   0x0002706b      0x22c ./Core/Src/main.o
 .debug_macro   0x00027297       0x61 ./Core/Src/main.o
 .debug_macro   0x000272f8       0xa5 ./Core/Src/main.o
 .debug_macro   0x0002739d      0x215 ./Core/Src/main.o
 .debug_macro   0x000275b2       0x97 ./Core/Src/main.o
 .debug_macro   0x00027649      0x122 ./Core/Src/main.o
 .debug_macro   0x0002776b      0x3ef ./Core/Src/main.o
 .debug_macro   0x00027b5a      0x2d4 ./Core/Src/main.o
 .debug_macro   0x00027e2e      0x447 ./Core/Src/main.o
 .debug_macro   0x00028275      0x77a ./Core/Src/main.o
 .debug_macro   0x000289ef      0x1d5 ./Core/Src/main.o
 .debug_macro   0x00028bc4      0x2fe ./Core/Src/main.o
 .debug_macro   0x00028ec2      0x327 ./Core/Src/main.o
 .debug_macro   0x000291e9      0x5cf ./Core/Src/main.o
 .debug_macro   0x000297b8       0x44 ./Core/Src/main.o
 .debug_macro   0x000297fc      0x433 ./Core/Src/main.o
 .debug_macro   0x00029c2f       0x70 ./Core/Src/mini_printf.o
 .debug_macro   0x00029c9f       0x58 ./Core/Src/mini_printf.o
 .debug_macro   0x00029cf7      0x295 ./Core/Src/stm32l4xx_it.o
 .debug_macro   0x00029f8c      0x27c ./Core/Src/system_stm32l4xx.o
 .debug_macro   0x0002a208      0x282 ./Core/Src/uart.o
 .debug_macro   0x0002a48a      0x2ca ./Drivers/STM32L4xx_HAL_Driver/Src/stm32l4xx_hal.o
 .debug_macro   0x0002a754      0x288 ./Drivers/STM32L4xx_HAL_Driver/Src/stm32l4xx_hal_pcd.o
 .debug_macro   0x0002a9dc      0x2be ./Drivers/STM32L4xx_HAL_Driver/Src/stm32l4xx_hal_rcc.o
 .debug_macro   0x0002ac9a      0x27c ./Drivers/STM32L4xx_HAL_Driver/Src/stm32l4xx_ll_usb.o
 .debug_macro   0x0002af16      0x401 ./Middlewares/ST/STM32_USB_Device_Library/Core/Src/usbd_core.o
 .debug_macro   0x0002b317      0x215 ./Middlewares/ST/STM32_USB_Device_Library/Core/Src/usbd_core.o
 .debug_macro   0x0002b52c      0x40b ./Middlewares/ST/STM32_USB_Device_Library/Core/Src/usbd_ctlreq.o
 .debug_macro   0x0002b937      0x407 ./Middlewares/ST/STM32_USB_Device_Library/Core/Src/usbd_ioreq.o
 .debug_macro   0x0002bd3e      0x41e ./USB_DEVICE/Target/usbd_conf.o

.debug_line     0x00000000     0xbb9e
 .debug_line    0x00000000      0x8bf ./Core/Src/main.o
 .debug_line    0x000008bf      0x517 ./Core/Src/mini_printf.o
 .debug_line    0x00000dd6      0x989 ./Core/Src/stm32l4xx_it.o
 .debug_line    0x0000175f      0x960 ./Core/Src/system_stm32l4xx.o
 .debug_line    0x000020bf      0x9f9 ./Core/Src/uart.o
 .debug_line    0x00002ab8       0x7a ./Core/Startup/startup_stm32l496agix.o
 .debug_line    0x00002b32      0xcc8 ./Drivers/STM32L4xx_HAL_Driver/Src/stm32l4xx_hal.o
 .debug_line    0x000037fa     0x149e ./Drivers/STM32L4xx_HAL_Driver/Src/stm32l4xx_hal_pcd.o
 .debug_line    0x00004c98     0x1275 ./Drivers/STM32L4xx_HAL_Driver/Src/stm32l4xx_hal_rcc.o
 .debug_line    0x00005f0d     0x1c1b ./Drivers/STM32L4xx_HAL_Driver/Src/stm32l4xx_ll_usb.o
 .debug_line    0x00007b28     0x10c4 ./Middlewares/ST/STM32_USB_Device_Library/Core/Src/usbd_core.o
 .debug_line    0x00008bec     0x12be ./Middlewares/ST/STM32_USB_Device_Library/Core/Src/usbd_ctlreq.o
 .debug_line    0x00009eaa      0xbda ./Middlewares/ST/STM32_USB_Device_Library/Core/Src/usbd_ioreq.o
 .debug_line    0x0000aa84     0x111a ./USB_DEVICE/Target/usbd_conf.o

.debug_str      0x00000000   0x11bcaf
 .debug_str     0x00000000   0x11bcaf ./Core/Src/main.o
                             0x1132b2 (size before relaxing)
 .debug_str     0x0011bcaf     0x3f38 ./Core/Src/mini_printf.o
 .debug_str     0x0011bcaf   0x114f17 ./Core/Src/stm32l4xx_it.o
 .debug_str     0x0011bcaf   0x1134c9 ./Core/Src/system_stm32l4xx.o
 .debug_str     0x0011bcaf   0x1134ad ./Core/Src/uart.o
 .debug_str     0x0011bcaf       0x86 ./Core/Startup/startup_stm32l496agix.o
 .debug_str     0x0011bcaf   0x1140d1 ./Drivers/STM32L4xx_HAL_Driver/Src/stm32l4xx_hal.o
 .debug_str     0x0011bcaf   0x113f3d ./Drivers/STM32L4xx_HAL_Driver/Src/stm32l4xx_hal_pcd.o
 .debug_str     0x0011bcaf   0x113b16 ./Drivers/STM32L4xx_HAL_Driver/Src/stm32l4xx_hal_rcc.o
 .debug_str     0x0011bcaf   0x113e15 ./Drivers/STM32L4xx_HAL_Driver/Src/stm32l4xx_ll_usb.o
 .debug_str     0x0011bcaf   0x119595 ./Middlewares/ST/STM32_USB_Device_Library/Core/Src/usbd_core.o
 .debug_str     0x0011bcaf   0x1193c0 ./Middlewares/ST/STM32_USB_Device_Library/Core/Src/usbd_ctlreq.o
 .debug_str     0x0011bcaf   0x119295 ./Middlewares/ST/STM32_USB_Device_Library/Core/Src/usbd_ioreq.o
 .debug_str     0x0011bcaf   0x11a626 ./USB_DEVICE/Target/usbd_conf.o

.comment        0x00000000       0x43
 .comment       0x00000000       0x43 ./Core/Src/main.o
                                 0x44 (size before relaxing)
 .comment       0x00000043       0x44 ./Core/Src/mini_printf.o
 .comment       0x00000043       0x44 ./Core/Src/stm32l4xx_it.o
 .comment       0x00000043       0x44 ./Core/Src/system_stm32l4xx.o
 .comment       0x00000043       0x44 ./Core/Src/uart.o
 .comment       0x00000043       0x44 ./Drivers/STM32L4xx_HAL_Driver/Src/stm32l4xx_hal.o
 .comment       0x00000043       0x44 ./Drivers/STM32L4xx_HAL_Driver/Src/stm32l4xx_hal_pcd.o
 .comment       0x00000043       0x44 ./Drivers/STM32L4xx_HAL_Driver/Src/stm32l4xx_hal_rcc.o
 .comment       0x00000043       0x44 ./Drivers/STM32L4xx_HAL_Driver/Src/stm32l4xx_ll_usb.o
 .comment       0x00000043       0x44 ./Middlewares/ST/STM32_USB_Device_Library/Core/Src/usbd_core.o
 .comment       0x00000043       0x44 ./Middlewares/ST/STM32_USB_Device_Library/Core/Src/usbd_ctlreq.o
 .comment       0x00000043       0x44 ./Middlewares/ST/STM32_USB_Device_Library/Core/Src/usbd_ioreq.o
 .comment       0x00000043       0x44 ./USB_DEVICE/Target/usbd_conf.o

.debug_frame    0x00000000     0x2244
 .debug_frame   0x00000000       0x30 ./Core/Src/main.o
 .debug_frame   0x00000030       0x70 ./Core/Src/mini_printf.o
 .debug_frame   0x000000a0      0x120 ./Core/Src/stm32l4xx_it.o
 .debug_frame   0x000001c0       0x58 ./Core/Src/system_stm32l4xx.o
 .debug_frame   0x00000218       0xc0 ./Core/Src/uart.o
 .debug_frame   0x000002d8      0x498 ./Drivers/STM32L4xx_HAL_Driver/Src/stm32l4xx_hal.o
 .debug_frame   0x00000770      0x564 ./Drivers/STM32L4xx_HAL_Driver/Src/stm32l4xx_hal_pcd.o
 .debug_frame   0x00000cd4      0x21c ./Drivers/STM32L4xx_HAL_Driver/Src/stm32l4xx_hal_rcc.o
 .debug_frame   0x00000ef0      0x7bc ./Drivers/STM32L4xx_HAL_Driver/Src/stm32l4xx_ll_usb.o
 .debug_frame   0x000016ac      0x390 ./Middlewares/ST/STM32_USB_Device_Library/Core/Src/usbd_core.o
 .debug_frame   0x00001a3c      0x23c ./Middlewares/ST/STM32_USB_Device_Library/Core/Src/usbd_ctlreq.o
 .debug_frame   0x00001c78      0x10c ./Middlewares/ST/STM32_USB_Device_Library/Core/Src/usbd_ioreq.o
 .debug_frame   0x00001d84      0x494 ./USB_DEVICE/Target/usbd_conf.o
 .debug_frame   0x00002218       0x2c C:/ST/STM32CubeIDE_1.19.0/STM32CubeIDE/plugins/com.st.stm32cube.ide.mcu.externaltools.gnu-tools-for-stm32.13.3.rel1.win32_1.0.0.202411081344/tools/bin/../lib/gcc/arm-none-eabi/13.3.1/../../../../arm-none-eabi/lib/thumb/v7e-m+fp/hard\libc_nano.a(libc_a-init.o)

.debug_line_str
                0x00000000       0x6a
 .debug_line_str
                0x00000000       0x6a ./Core/Startup/startup_stm32l496agix.o
