Archive member included to satisfy reference by file (symbol)

C:/ST/STM32CubeIDE_1.19.0/STM32CubeIDE/plugins/com.st.stm32cube.ide.mcu.externaltools.gnu-tools-for-stm32.13.3.rel1.win32_1.0.0.202411081344/tools/bin/../lib/gcc/arm-none-eabi/13.3.1/../../../../arm-none-eabi/lib/thumb/v7e-m+fp/hard\libc_nano.a(libc_a-exit.o)
                              C:/ST/STM32CubeIDE_1.19.0/STM32CubeIDE/plugins/com.st.stm32cube.ide.mcu.externaltools.gnu-tools-for-stm32.13.3.rel1.win32_1.0.0.202411081344/tools/bin/../lib/gcc/arm-none-eabi/13.3.1/../../../../arm-none-eabi/lib/thumb/v7e-m+fp/hard/crt0.o (exit)
C:/ST/STM32CubeIDE_1.19.0/STM32CubeIDE/plugins/com.st.stm32cube.ide.mcu.externaltools.gnu-tools-for-stm32.13.3.rel1.win32_1.0.0.202411081344/tools/bin/../lib/gcc/arm-none-eabi/13.3.1/../../../../arm-none-eabi/lib/thumb/v7e-m+fp/hard\libc_nano.a(libc_a-findfp.o)
                              C:/ST/STM32CubeIDE_1.19.0/STM32CubeIDE/plugins/com.st.stm32cube.ide.mcu.externaltools.gnu-tools-for-stm32.13.3.rel1.win32_1.0.0.202411081344/tools/bin/../lib/gcc/arm-none-eabi/13.3.1/../../../../arm-none-eabi/lib/thumb/v7e-m+fp/hard\libc_nano.a(libc_a-exit.o) (__stdio_exit_handler)
C:/ST/STM32CubeIDE_1.19.0/STM32CubeIDE/plugins/com.st.stm32cube.ide.mcu.externaltools.gnu-tools-for-stm32.13.3.rel1.win32_1.0.0.202411081344/tools/bin/../lib/gcc/arm-none-eabi/13.3.1/../../../../arm-none-eabi/lib/thumb/v7e-m+fp/hard\libc_nano.a(libc_a-fwalk.o)
                              C:/ST/STM32CubeIDE_1.19.0/STM32CubeIDE/plugins/com.st.stm32cube.ide.mcu.externaltools.gnu-tools-for-stm32.13.3.rel1.win32_1.0.0.202411081344/tools/bin/../lib/gcc/arm-none-eabi/13.3.1/../../../../arm-none-eabi/lib/thumb/v7e-m+fp/hard\libc_nano.a(libc_a-findfp.o) (_fwalk_sglue)
C:/ST/STM32CubeIDE_1.19.0/STM32CubeIDE/plugins/com.st.stm32cube.ide.mcu.externaltools.gnu-tools-for-stm32.13.3.rel1.win32_1.0.0.202411081344/tools/bin/../lib/gcc/arm-none-eabi/13.3.1/../../../../arm-none-eabi/lib/thumb/v7e-m+fp/hard\libc_nano.a(libc_a-stdio.o)
                              C:/ST/STM32CubeIDE_1.19.0/STM32CubeIDE/plugins/com.st.stm32cube.ide.mcu.externaltools.gnu-tools-for-stm32.13.3.rel1.win32_1.0.0.202411081344/tools/bin/../lib/gcc/arm-none-eabi/13.3.1/../../../../arm-none-eabi/lib/thumb/v7e-m+fp/hard\libc_nano.a(libc_a-findfp.o) (__sread)
C:/ST/STM32CubeIDE_1.19.0/STM32CubeIDE/plugins/com.st.stm32cube.ide.mcu.externaltools.gnu-tools-for-stm32.13.3.rel1.win32_1.0.0.202411081344/tools/bin/../lib/gcc/arm-none-eabi/13.3.1/../../../../arm-none-eabi/lib/thumb/v7e-m+fp/hard\libc_nano.a(libc_a-memset.o)
                              C:/ST/STM32CubeIDE_1.19.0/STM32CubeIDE/plugins/com.st.stm32cube.ide.mcu.externaltools.gnu-tools-for-stm32.13.3.rel1.win32_1.0.0.202411081344/tools/bin/../lib/gcc/arm-none-eabi/13.3.1/../../../../arm-none-eabi/lib/thumb/v7e-m+fp/hard/crt0.o (memset)
C:/ST/STM32CubeIDE_1.19.0/STM32CubeIDE/plugins/com.st.stm32cube.ide.mcu.externaltools.gnu-tools-for-stm32.13.3.rel1.win32_1.0.0.202411081344/tools/bin/../lib/gcc/arm-none-eabi/13.3.1/../../../../arm-none-eabi/lib/thumb/v7e-m+fp/hard\libc_nano.a(libc_a-closer.o)
                              C:/ST/STM32CubeIDE_1.19.0/STM32CubeIDE/plugins/com.st.stm32cube.ide.mcu.externaltools.gnu-tools-for-stm32.13.3.rel1.win32_1.0.0.202411081344/tools/bin/../lib/gcc/arm-none-eabi/13.3.1/../../../../arm-none-eabi/lib/thumb/v7e-m+fp/hard\libc_nano.a(libc_a-stdio.o) (_close_r)
C:/ST/STM32CubeIDE_1.19.0/STM32CubeIDE/plugins/com.st.stm32cube.ide.mcu.externaltools.gnu-tools-for-stm32.13.3.rel1.win32_1.0.0.202411081344/tools/bin/../lib/gcc/arm-none-eabi/13.3.1/../../../../arm-none-eabi/lib/thumb/v7e-m+fp/hard\libc_nano.a(libc_a-reent.o)
                              C:/ST/STM32CubeIDE_1.19.0/STM32CubeIDE/plugins/com.st.stm32cube.ide.mcu.externaltools.gnu-tools-for-stm32.13.3.rel1.win32_1.0.0.202411081344/tools/bin/../lib/gcc/arm-none-eabi/13.3.1/../../../../arm-none-eabi/lib/thumb/v7e-m+fp/hard\libc_nano.a(libc_a-closer.o) (errno)
C:/ST/STM32CubeIDE_1.19.0/STM32CubeIDE/plugins/com.st.stm32cube.ide.mcu.externaltools.gnu-tools-for-stm32.13.3.rel1.win32_1.0.0.202411081344/tools/bin/../lib/gcc/arm-none-eabi/13.3.1/../../../../arm-none-eabi/lib/thumb/v7e-m+fp/hard\libc_nano.a(libc_a-impure.o)
                              C:/ST/STM32CubeIDE_1.19.0/STM32CubeIDE/plugins/com.st.stm32cube.ide.mcu.externaltools.gnu-tools-for-stm32.13.3.rel1.win32_1.0.0.202411081344/tools/bin/../lib/gcc/arm-none-eabi/13.3.1/../../../../arm-none-eabi/lib/thumb/v7e-m+fp/hard\libc_nano.a(libc_a-reent.o) (_impure_ptr)
C:/ST/STM32CubeIDE_1.19.0/STM32CubeIDE/plugins/com.st.stm32cube.ide.mcu.externaltools.gnu-tools-for-stm32.13.3.rel1.win32_1.0.0.202411081344/tools/bin/../lib/gcc/arm-none-eabi/13.3.1/../../../../arm-none-eabi/lib/thumb/v7e-m+fp/hard\libc_nano.a(libc_a-lseekr.o)
[...]
Memory Configuration

Name             Origin             Length             Attributes
RAM              0x20000000         0x00040000         xrw
RAM2             0x10000000         0x00010000         xrw
FLASH            0x08000000         0x00100000         xr
*default*        0x00000000         0xffffffff

Linker script and memory map

LOAD C:/ST/STM32CubeIDE_1.19.0/STM32CubeIDE/plugins/com.st.stm32cube.ide.mcu.externaltools.gnu-tools-for-stm32.13.3.rel1.win32_1.0.0.202411081344/tools/bin/../lib/gcc/arm-none-eabi/13.3.1/thumb/v7e-m+fp/hard/crti.o
LOAD C:/ST/STM32CubeIDE_1.19.0/STM32CubeIDE/plugins/com.st.stm32cube.ide.mcu.externaltools.gnu-tools-for-stm32.13.3.rel1.win32_1.0.0.202411081344/tools/bin/../lib/gcc/arm-none-eabi/13.3.1/thumb/v7e-m+fp/hard/crtbegin.o
LOAD C:/ST/STM32CubeIDE_1.19.0/STM32CubeIDE/plugins/com.st.stm32cube.ide.mcu.externaltools.gnu-tools-for-stm32.13.3.rel1.win32_1.0.0.202411081344/tools/bin/../lib/gcc/arm-none-eabi/13.3.1/../../../../arm-none-eabi/lib/thumb/v7e-m+fp/hard/crt0.o
LOAD ./Core/Src/main.o
LOAD ./Core/Src/mini_printf.o
LOAD ./Core/Src/system_stm32l4xx.o
LOAD ./Core/Src/uart.o
LOAD ./Core/Startup/startup_stm32l496agix.o
START GROUP
LOAD C:/ST/STM32CubeIDE_1.19.0/STM32CubeIDE/plugins/com.st.stm32cube.ide.mcu.externaltools.gnu-tools-for-stm32.13.3.rel1.win32_1.0.0.202411081344/tools/bin/../lib/gcc/arm-none-eabi/13.3.1/../../../../arm-none-eabi/lib/thumb/v7e-m+fp/hard\libc_nano.a
LOAD C:/ST/STM32CubeIDE_1.19.0/STM32CubeIDE/plugins/com.st.stm32cube.ide.mcu.externaltools.gnu-tools-for-stm32.13.3.rel1.win32_1.0.0.202411081344/tools/bin/../lib/gcc/arm-none-eabi/13.3.1/../../../../arm-none-eabi/lib/thumb/v7e-m+fp/hard\libm.a
END GROUP
START GROUP
LOAD C:/ST/STM32CubeIDE_1.19.0/STM32CubeIDE/plugins/com.st.stm32cube.ide.mcu.externaltools.gnu-tools-for-stm32.13.3.rel1.win32_1.0.0.202411081344/tools/bin/../lib/gcc/arm-none-eabi/13.3.1/thumb/v7e-m+fp/hard\libgcc.a
LOAD C:/ST/STM32CubeIDE_1.19.0/STM32CubeIDE/plugins/com.st.stm32cube.ide.mcu.externaltools.gnu-tools-for-stm32.13.3.rel1.win32_1.0.0.202411081344/tools/bin/../lib/gcc/arm-none-eabi/13.3.1/../../../../arm-none-eabi/lib/thumb/v7e-m+fp/hard\libc_nano.a
END GROUP
START GROUP
LOAD C:/ST/STM32CubeIDE_1.19.0/STM32CubeIDE/plugins/com.st.stm32cube.ide.mcu.externaltools.gnu-tools-for-stm32.13.3.rel1.win32_1.0.0.202411081344/tools/bin/../lib/gcc/arm-none-eabi/13.3.1/thumb/v7e-m+fp/hard\libgcc.a
LOAD C:/ST/STM32CubeIDE_1.19.0/STM32CubeIDE/plugins/com.st.stm32cube.ide.mcu.externaltools.gnu-tools-for-stm32.13.3.rel1.win32_1.0.0.202411081344/tools/bin/../lib/gcc/arm-none-eabi/13.3.1/../../../../arm-none-eabi/lib/thumb/v7e-m+fp/hard\libc_nano.a
LOAD C:/ST/STM32CubeIDE_1.19.0/STM32CubeIDE/plugins/com.st.stm32cube.ide.mcu.externaltools.gnu-tools-for-stm32.13.3.rel1.win32_1.0.0.202411081344/tools/bin/../lib/gcc/arm-none-eabi/13.3.1/../../../../arm-none-eabi/lib/thumb/v7e-m+fp/hard\libnosys.a
END GROUP
START GROUP
LOAD C:/ST/STM32CubeIDE_1.19.0/STM32CubeIDE/plugins/com.st.stm32cube.ide.mcu.externaltools.gnu-tools-for-stm32.13.3.rel1.win32_1.0.0.202411081344/tools/bin/../lib/gcc/arm-none-eabi/13.3.1/thumb/v7e-m+fp/hard\libgcc.a
LOAD C:/ST/STM32CubeIDE_1.19.0/STM32CubeIDE/plugins/com.st.stm32cube.ide.mcu.externaltools.gnu-tools-for-stm32.13.3.rel1.win32_1.0.0.202411081344/tools/bin/../lib/gcc/arm-none-eabi/13.3.1/../../../../arm-none-eabi/lib/thumb/v7e-m+fp/hard\libc_nano.a
LOAD C:/ST/STM32CubeIDE_1.19.0/STM32CubeIDE/plugins/com.st.stm32cube.ide.mcu.externaltools.gnu-tools-for-stm32.13.3.rel1.win32_1.0.0.202411081344/tools/bin/../lib/gcc/arm-none-eabi/13.3.1/../../../../arm-none-eabi/lib/thumb/v7e-m+fp/hard\libnosys.a
END GROUP
LOAD C:/ST/STM32CubeIDE_1.19.0/STM32CubeIDE/plugins/com.st.stm32cube.ide.mcu.externaltools.gnu-tools-for-stm32.13.3.rel1.win32_1.0.0.202411081344/tools/bin/../lib/gcc/arm-none-eabi/13.3.1/thumb/v7e-m+fp/hard/crtend.o
LOAD C:/ST/STM32CubeIDE_1.19.0/STM32CubeIDE/plugins/com.st.stm32cube.ide.mcu.externaltools.gnu-tools-for-stm32.13.3.rel1.win32_1.0.0.202411081344/tools/bin/../lib/gcc/arm-none-eabi/13.3.1/thumb/v7e-m+fp/hard/crtn.o
                0x20040000                        _estack = (ORIGIN (RAM) + LENGTH (RAM))
                0x00000200                        _Min_Heap_Size = 0x200
                0x00000400                        _Min_Stack_Size = 0x400

.isr_vector     0x08000000      0x1ac
                0x08000000                        . = ALIGN (0x4)
 *(.isr_vector)
 .isr_vector    0x08000000      0x1ac ./Core/Startup/startup_stm32l496agix.o
                0x08000000                g_pfnVectors
                0x080001ac                        . = ALIGN (0x4)

.text           0x080001ac      0x540
                0x080001ac                        . = ALIGN (0x4)
 *(.text)
 .text          0x080001ac       0x40 C:/ST/STM32CubeIDE_1.19.0/STM32CubeIDE/plugins/com.st.stm32cube.ide.mcu.externaltools.gnu-tools-for-stm32.13.3.rel1.win32_1.0.0.202411081344/tools/bin/../lib/gcc/arm-none-eabi/13.3.1/thumb/v7e-m+fp/hard/crtbegin.o
 *(.text*)
 .text.main     0x080001ec       0x30 ./Core/Src/main.o
                0x080001ec                main
 .text.uart_write_hex
                0x0800021c       0x5a ./Core/Src/mini_printf.o
 *fill*         0x08000276        0x2 
 .text.uart_printf
                0x08000278      0x164 ./Core/Src/mini_printf.o
                0x08000278                uart_printf
 .text.SystemInit
                0x080003dc       0x24 ./Core/Src/system_stm32l4xx.o
                0x080003dc                SystemInit
 .text.gpio_af7_usart2_pa2_pd6
                0x08000400       0xe8 ./Core/Src/uart.o
 .text.uart2_init
                0x080004e8       0xc0 ./Core/Src/uart.o
                0x080004e8                uart2_init
 .text.uart2_putc
                0x080005a8       0x30 ./Core/Src/uart.o
                0x080005a8                uart2_putc
 .text.uart2_write
                0x080005d8       0x38 ./Core/Src/uart.o
                0x080005d8                uart2_write
 .text.uart2_getc_blocking
                0x08000610       0x28 ./Core/Src/uart.o
                0x08000610                uart2_getc_blocking
 .text.Reset_Handler
                0x08000638       0x50 ./Core/Startup/startup_stm32l496agix.o
                0x08000638                Reset_Handler
 .text.Default_Handler
                0x08000688        0x2 ./Core/Startup/startup_stm32l496agix.o
                0x08000688                RTC_Alarm_IRQHandler
                0x08000688                EXTI2_IRQHandler
                0x08000688                TIM8_TRG_COM_IRQHandler
                0x08000688                TIM8_CC_IRQHandler
                0x08000688                DebugMon_Handler
                0x08000688                TIM1_CC_IRQHandler
                0x08000688                TSC_IRQHandler
                0x08000688                HardFault_Handler
                0x08000688                SysTick_Handler
                0x08000688                TAMP_STAMP_IRQHandler
                0x08000688                PendSV_Handler
                0x08000688                NMI_Handler
                0x08000688                CAN2_RX1_IRQHandler
                0x08000688                EXTI3_IRQHandler
                0x08000688                LPTIM2_IRQHandler
                0x08000688                DFSDM1_FLT1_IRQHandler
                0x08000688                I2C3_ER_IRQHandler
                0x08000688                DFSDM1_FLT2_IRQHandler
                0x08000688                EXTI0_IRQHandler
                0x08000688                I2C2_EV_IRQHandler
                0x08000688                CAN1_RX0_IRQHandler
                0x08000688                FPU_IRQHandler
                0x08000688                TIM1_UP_TIM16_IRQHandler
                0x08000688                UsageFault_Handler
                0x08000688                CAN2_SCE_IRQHandler
                0x08000688                ADC1_2_IRQHandler
                0x08000688                SPI1_IRQHandler
                0x08000688                TIM6_DAC_IRQHandler
                0x08000688                DCMI_IRQHandler
                0x08000688                CAN2_RX0_IRQHandler
                0x08000688                TIM8_UP_IRQHandler
                0x08000688                DMA2_Channel2_IRQHandler
                0x08000688                DMA1_Channel4_IRQHandler
                0x08000688                SAI2_IRQHandler
                0x08000688                DFSDM1_FLT3_IRQHandler
                0x08000688                USART3_IRQHandler
                0x08000688                DMA1_Channel7_IRQHandler
                0x08000688                CAN1_RX1_IRQHandler
                0x08000688                LCD_IRQHandler
                0x08000688                UART5_IRQHandler
                0x08000688                ADC3_IRQHandler
                0x08000688                TIM4_IRQHandler
                0x08000688                DMA2_Channel1_IRQHandler
                0x08000688                QUADSPI_IRQHandler
                0x08000688                I2C1_EV_IRQHandler
                0x08000688                DMA1_Channel6_IRQHandler
                0x08000688                UART4_IRQHandler
                0x08000688                DMA2_Channel4_IRQHandler
                0x08000688                TIM3_IRQHandler
                0x08000688                RCC_IRQHandler
                0x08000688                DMA1_Channel1_IRQHandler
                0x08000688                Default_Handler
                0x08000688                DMA2_Channel7_IRQHandler
                0x08000688                EXTI15_10_IRQHandler
                0x08000688                TIM7_IRQHandler
                0x08000688                SDMMC1_IRQHandler
                0x08000688                CAN2_TX_IRQHandler
                0x08000688                TIM5_IRQHandler
                0x08000688                I2C3_EV_IRQHandler
                0x08000688                EXTI9_5_IRQHandler
                0x08000688                RTC_WKUP_IRQHandler
                0x08000688                PVD_PVM_IRQHandler
                0x08000688                SPI2_IRQHandler
                0x08000688                MemManage_Handler
                0x08000688                CAN1_TX_IRQHandler
                0x08000688                SVC_Handler
                0x08000688                DMA2_Channel5_IRQHandler
                0x08000688                CRS_IRQHandler
                0x08000688                DMA1_Channel5_IRQHandler
                0x08000688                EXTI4_IRQHandler
                0x08000688                RNG_IRQHandler
                0x08000688                TIM1_TRG_COM_TIM17_IRQHandler
                0x08000688                DMA1_Channel3_IRQHandler
                0x08000688                COMP_IRQHandler
                0x08000688                WWDG_IRQHandler
                0x08000688                I2C4_EV_IRQHandler
                0x08000688                LPUART1_IRQHandler
                0x08000688                DMA2_Channel6_IRQHandler
                0x08000688                TIM2_IRQHandler
                0x08000688                EXTI1_IRQHandler
                0x08000688                USART2_IRQHandler
                0x08000688                DFSDM1_FLT0_IRQHandler
                0x08000688                I2C2_ER_IRQHandler
                0x08000688                DMA1_Channel2_IRQHandler
                0x08000688                TIM8_BRK_IRQHandler
                0x08000688                CAN1_SCE_IRQHandler
                0x08000688                FLASH_IRQHandler
                0x08000688                BusFault_Handler
                0x08000688                USART1_IRQHandler
                0x08000688                OTG_FS_IRQHandler
                0x08000688                SPI3_IRQHandler
                0x08000688                I2C1_ER_IRQHandler
                0x08000688                FMC_IRQHandler
                0x08000688                SWPMI1_IRQHandler
                0x08000688                LPTIM1_IRQHandler
                0x08000688                I2C4_ER_IRQHandler
                0x08000688                SAI1_IRQHandler
                0x08000688                DMA2_Channel3_IRQHandler
                0x08000688                TIM1_BRK_TIM15_IRQHandler
 *fill*         0x0800068a        0x2 
 .text.__libc_init_array
                0x0800068c       0x48 C:/ST/STM32CubeIDE_1.19.0/STM32CubeIDE/plugins/com.st.stm32cube.ide.mcu.externaltools.gnu-tools-for-stm32.13.3.rel1.win32_1.0.0.202411081344/tools/bin/../lib/gcc/arm-none-eabi/13.3.1/../../../../arm-none-eabi/lib/thumb/v7e-m+fp/hard\libc_nano.a(libc_a-init.o)
                0x0800068c                __libc_init_array
 *(.glue_7)
 .glue_7        0x080006d4        0x0 linker stubs
 *(.glue_7t)
 .glue_7t       0x080006d4        0x0 linker stubs
 *(.eh_frame)
 .eh_frame      0x080006d4        0x0 C:/ST/STM32CubeIDE_1.19.0/STM32CubeIDE/plugins/com.st.stm32cube.ide.mcu.externaltools.gnu-tools-for-stm32.13.3.rel1.win32_1.0.0.202411081344/tools/bin/../lib/gcc/arm-none-eabi/13.3.1/thumb/v7e-m+fp/hard/crtbegin.o
 *(.init)
 .init          0x080006d4        0x4 C:/ST/STM32CubeIDE_1.19.0/STM32CubeIDE/plugins/com.st.stm32cube.ide.mcu.externaltools.gnu-tools-for-stm32.13.3.rel1.win32_1.0.0.202411081344/tools/bin/../lib/gcc/arm-none-eabi/13.3.1/thumb/v7e-m+fp/hard/crti.o
                0x080006d4                _init
 .init          0x080006d8        0x8 C:/ST/STM32CubeIDE_1.19.0/STM32CubeIDE/plugins/com.st.stm32cube.ide.mcu.externaltools.gnu-tools-for-stm32.13.3.rel1.win32_1.0.0.202411081344/tools/bin/../lib/gcc/arm-none-eabi/13.3.1/thumb/v7e-m+fp/hard/crtn.o
 *(.fini)
 .fini          0x080006e0        0x4 C:/ST/STM32CubeIDE_1.19.0/STM32CubeIDE/plugins/com.st.stm32cube.ide.mcu.externaltools.gnu-tools-for-stm32.13.3.rel1.win32_1.0.0.202411081344/tools/bin/../lib/gcc/arm-none-eabi/13.3.1/thumb/v7e-m+fp/hard/crti.o
                0x080006e0                _fini
 .fini          0x080006e4        0x8 C:/ST/STM32CubeIDE_1.19.0/STM32CubeIDE/plugins/com.st.stm32cube.ide.mcu.externaltools.gnu-tools-for-stm32.13.3.rel1.win32_1.0.0.202411081344/tools/bin/../lib/gcc/arm-none-eabi/13.3.1/thumb/v7e-m+fp/hard/crtn.o
                0x080006ec                        . = ALIGN (0x4)
                0x080006ec                        _etext = .

.vfp11_veneer   0x080006ec        0x0
 .vfp11_veneer  0x080006ec        0x0 linker stubs

.v4_bx          0x080006ec        0x0
 .v4_bx         0x080006ec        0x0 linker stubs

.iplt           0x080006ec        0x0
 .iplt          0x080006ec        0x0 C:/ST/STM32CubeIDE_1.19.0/STM32CubeIDE/plugins/com.st.stm32cube.ide.mcu.externaltools.gnu-tools-for-stm32.13.3.rel1.win32_1.0.0.202411081344/tools/bin/../lib/gcc/arm-none-eabi/13.3.1/thumb/v7e-m+fp/hard/crtbegin.o

.rodata         0x080006ec       0x34
                0x080006ec                        . = ALIGN (0x4)
 *(.rodata)
 .rodata        0x080006ec       0x28 ./Core/Src/main.o
 .rodata        0x08000714        0xb ./Core/Src/mini_printf.o
 *(.rodata*)
                0x08000720                        . = ALIGN (0x4)
 *fill*         0x0800071f        0x1 

.ARM.extab      0x08000720        0x0
                0x08000720                        . = ALIGN (0x4)
 *(.ARM.extab* .gnu.linkonce.armextab.*)
                0x08000720                        . = ALIGN (0x4)

.ARM            0x08000720        0x0
                0x08000720                        . = ALIGN (0x4)
                0x08000720                        __exidx_start = .
 *(.ARM.exidx*)
                0x08000720                        __exidx_end = .
                0x08000720                        . = ALIGN (0x4)

.preinit_array  0x08000720        0x0
                0x08000720                        . = ALIGN (0x4)
                0x08000720                        PROVIDE (__preinit_array_start = .)
 *(.preinit_array*)
                0x08000720                        PROVIDE (__preinit_array_end = .)
                0x08000720                        . = ALIGN (0x4)

.init_array     0x08000720        0x4
                0x08000720                        . = ALIGN (0x4)
                0x08000720                        PROVIDE (__init_array_start = .)
 *(SORT_BY_NAME(.init_array.*))
 *(.init_array*)
 .init_array    0x08000720        0x4 C:/ST/STM32CubeIDE_1.19.0/STM32CubeIDE/plugins/com.st.stm32cube.ide.mcu.externaltools.gnu-tools-for-stm32.13.3.rel1.win32_1.0.0.202411081344/tools/bin/../lib/gcc/arm-none-eabi/13.3.1/thumb/v7e-m+fp/hard/crtbegin.o
                0x08000724                        PROVIDE (__init_array_end = .)
                0x08000724                        . = ALIGN (0x4)

.fini_array     0x08000724        0x4
                0x08000724                        . = ALIGN (0x4)
                [!provide]                        PROVIDE (__fini_array_start = .)
 *(SORT_BY_NAME(.fini_array.*))
 *(.fini_array*)
 .fini_array    0x08000724        0x4 C:/ST/STM32CubeIDE_1.19.0/STM32CubeIDE/plugins/com.st.stm32cube.ide.mcu.externaltools.gnu-tools-for-stm32.13.3.rel1.win32_1.0.0.202411081344/tools/bin/../lib/gcc/arm-none-eabi/13.3.1/thumb/v7e-m+fp/hard/crtbegin.o
                [!provide]                        PROVIDE (__fini_array_end = .)
                0x08000728                        . = ALIGN (0x4)
                0x08000728                        _sidata = LOADADDR (.data)

.rel.dyn        0x08000728        0x0
 .rel.iplt      0x08000728        0x0 C:/ST/STM32CubeIDE_1.19.0/STM32CubeIDE/plugins/com.st.stm32cube.ide.mcu.externaltools.gnu-tools-for-stm32.13.3.rel1.win32_1.0.0.202411081344/tools/bin/../lib/gcc/arm-none-eabi/13.3.1/thumb/v7e-m+fp/hard/crtbegin.o

.data           0x20000000        0x0 load address 0x08000728
                0x20000000                        . = ALIGN (0x4)
                0x20000000                        _sdata = .
 *(.data)
 *(.data*)
 *(.RamFunc)
 *(.RamFunc*)
                0x20000000                        . = ALIGN (0x4)
                0x20000000                        _edata = .

.igot.plt       0x20000000        0x0 load address 0x08000728
 .igot.plt      0x20000000        0x0 C:/ST/STM32CubeIDE_1.19.0/STM32CubeIDE/plugins/com.st.stm32cube.ide.mcu.externaltools.gnu-tools-for-stm32.13.3.rel1.win32_1.0.0.202411081344/tools/bin/../lib/gcc/arm-none-eabi/13.3.1/thumb/v7e-m+fp/hard/crtbegin.o
                0x20000000                        . = ALIGN (0x4)

.bss            0x20000000       0x1c load address 0x08000728
                0x20000000                        _sbss = .
                0x20000000                        __bss_start__ = _sbss
 *(.bss)
 .bss           0x20000000       0x1c C:/ST/STM32CubeIDE_1.19.0/STM32CubeIDE/plugins/com.st.stm32cube.ide.mcu.externaltools.gnu-tools-for-stm32.13.3.rel1.win32_1.0.0.202411081344/tools/bin/../lib/gcc/arm-none-eabi/13.3.1/thumb/v7e-m+fp/hard/crtbegin.o
 *(.bss*)
 *(COMMON)
                0x2000001c                        . = ALIGN (0x4)
                0x2000001c                        _ebss = .
                0x2000001c                        __bss_end__ = _ebss

._user_heap_stack
                0x2000001c      0x604 load address 0x08000728
                0x20000020                        . = ALIGN (0x8)
 *fill*         0x2000001c        0x4 
                0x20000020                        PROVIDE (end = .)
                [!provide]                        PROVIDE (_end = .)
                0x20000220                        . = (. + _Min_Heap_Size)
 *fill*         0x20000020      0x200 
                0x20000620                        . = (. + _Min_Stack_Size)
 *fill*         0x20000220      0x400 
                0x20000620                        . = ALIGN (0x8)

/DISCARD/
 libc.a(*)
 libm.a(*)
 libgcc.a(*)

.ARM.attributes
                0x00000000       0x30
 *(.ARM.attributes)
 .ARM.attributes
                0x00000000       0x22 C:/ST/STM32CubeIDE_1.19.0/STM32CubeIDE/plugins/com.st.stm32cube.ide.mcu.externaltools.gnu-tools-for-stm32.13.3.rel1.win32_1.0.0.202411081344/tools/bin/../lib/gcc/arm-none-eabi/13.3.1/thumb/v7e-m+fp/hard/crti.o
 .ARM.attributes
                0x00000022       0x34 C:/ST/STM32CubeIDE_1.19.0/STM32CubeIDE/plugins/com.st.stm32cube.ide.mcu.externaltools.gnu-tools-for-stm32.13.3.rel1.win32_1.0.0.202411081344/tools/bin/../lib/gcc/arm-none-eabi/13.3.1/thumb/v7e-m+fp/hard/crtbegin.o
 .ARM.attributes
                0x00000056       0x34 ./Core/Src/main.o
 .ARM.attributes
                0x0000008a       0x34 ./Core/Src/mini_printf.o
 .ARM.attributes
                0x000000be       0x34 ./Core/Src/system_stm32l4xx.o
 .ARM.attributes
                0x000000f2       0x34 ./Core/Src/uart.o
 .ARM.attributes
                0x00000126       0x21 ./Core/Startup/startup_stm32l496agix.o
 .ARM.attributes
                0x00000147       0x34 C:/ST/STM32CubeIDE_1.19.0/STM32CubeIDE/plugins/com.st.stm32cube.ide.mcu.externaltools.gnu-tools-for-stm32.13.3.rel1.win32_1.0.0.202411081344/tools/bin/../lib/gcc/arm-none-eabi/13.3.1/../../../../arm-none-eabi/lib/thumb/v7e-m+fp/hard\libc_nano.a(libc_a-init.o)
 .ARM.attributes
                0x0000017b       0x22 C:/ST/STM32CubeIDE_1.19.0/STM32CubeIDE/plugins/com.st.stm32cube.ide.mcu.externaltools.gnu-tools-for-stm32.13.3.rel1.win32_1.0.0.202411081344/tools/bin/../lib/gcc/arm-none-eabi/13.3.1/thumb/v7e-m+fp/hard/crtn.o
OUTPUT(os_linnert.elf elf32-littlearm)
LOAD linker stubs
LOAD C:/ST/STM32CubeIDE_1.19.0/STM32CubeIDE/plugins/com.st.stm32cube.ide.mcu.externaltools.gnu-tools-for-stm32.13.3.rel1.win32_1.0.0.202411081344/tools/bin/../lib/gcc/arm-none-eabi/13.3.1/../../../../arm-none-eabi/lib/thumb/v7e-m+fp/hard\libc.a
LOAD C:/ST/STM32CubeIDE_1.19.0/STM32CubeIDE/plugins/com.st.stm32cube.ide.mcu.externaltools.gnu-tools-for-stm32.13.3.rel1.win32_1.0.0.202411081344/tools/bin/../lib/gcc/arm-none-eabi/13.3.1/../../../../arm-none-eabi/lib/thumb/v7e-m+fp/hard\libm.a
LOAD C:/ST/STM32CubeIDE_1.19.0/STM32CubeIDE/plugins/com.st.stm32cube.ide.mcu.externaltools.gnu-tools-for-stm32.13.3.rel1.win32_1.0.0.202411081344/tools/bin/../lib/gcc/arm-none-eabi/13.3.1/thumb/v7e-m+fp/hard\libgcc.a

.debug_info     0x00000000      0xe08
 .debug_info    0x00000000       0xfe ./Core/Src/main.o
 .debug_info    0x000000fe      0x212 ./Core/Src/mini_printf.o
 .debug_info    0x00000310      0x5c6 ./Core/Src/system_stm32l4xx.o
 .debug_info    0x000008d6      0x502 ./Core/Src/uart.o
 .debug_info    0x00000dd8       0x30 ./Core/Startup/startup_stm32l496agix.o

.debug_abbrev   0x00000000      0x463
 .debug_abbrev  0x00000000       0xcd ./Core/Src/main.o
 .debug_abbrev  0x000000cd      0x10f ./Core/Src/mini_printf.o
 .debug_abbrev  0x000001dc      0x11a ./Core/Src/system_stm32l4xx.o
 .debug_abbrev  0x000002f6      0x149 ./Core/Src/uart.o
 .debug_abbrev  0x0000043f       0x24 ./Core/Startup/startup_stm32l496agix.o

.debug_aranges  0x00000000       0xd8
 .debug_aranges
                0x00000000       0x20 ./Core/Src/main.o
 .debug_aranges
                0x00000020       0x28 ./Core/Src/mini_printf.o
 .debug_aranges
                0x00000048       0x28 ./Core/Src/system_stm32l4xx.o
 .debug_aranges
                0x00000070       0x40 ./Core/Src/uart.o
 .debug_aranges
                0x000000b0       0x28 ./Core/Startup/startup_stm32l496agix.o

.debug_rnglists
                0x00000000       0x8d
 .debug_rnglists
                0x00000000       0x13 ./Core/Src/main.o
 .debug_rnglists
                0x00000013       0x1a ./Core/Src/mini_printf.o
 .debug_rnglists
                0x0000002d       0x1a ./Core/Src/system_stm32l4xx.o
 .debug_rnglists
                0x00000047       0x2d ./Core/Src/uart.o
 .debug_rnglists
                0x00000074       0x19 ./Core/Startup/startup_stm32l496agix.o

.debug_macro    0x00000000    0x1e781
 .debug_macro   0x00000000       0xd2 ./Core/Src/main.o
 .debug_macro   0x000000d2      0xad8 ./Core/Src/main.o
 .debug_macro   0x00000baa       0x22 ./Core/Src/main.o
 .debug_macro   0x00000bcc       0x8e ./Core/Src/main.o
 .debug_macro   0x00000c5a       0x51 ./Core/Src/main.o
 .debug_macro   0x00000cab      0x103 ./Core/Src/main.o
 .debug_macro   0x00000dae       0x6a ./Core/Src/main.o
 .debug_macro   0x00000e18      0x1df ./Core/Src/main.o
 .debug_macro   0x00000ff7       0x2e ./Core/Src/main.o
 .debug_macro   0x00001025       0x28 ./Core/Src/main.o
 .debug_macro   0x0000104d       0x1c ./Core/Src/main.o
 .debug_macro   0x00001069       0x22 ./Core/Src/main.o
 .debug_macro   0x0000108b       0xfb ./Core/Src/main.o
 .debug_macro   0x00001186     0x1011 ./Core/Src/main.o
 .debug_macro   0x00002197      0x11f ./Core/Src/main.o
 .debug_macro   0x000022b6    0x1c1e2 ./Core/Src/main.o
 .debug_macro   0x0001e498       0x6d ./Core/Src/main.o
 .debug_macro   0x0001e505       0x70 ./Core/Src/mini_printf.o
 .debug_macro   0x0001e575       0x58 ./Core/Src/mini_printf.o
 .debug_macro   0x0001e5cd       0xe0 ./Core/Src/system_stm32l4xx.o
 .debug_macro   0x0001e6ad       0xd4 ./Core/Src/uart.o

.debug_line     0x00000000     0x1697
 .debug_line    0x00000000      0x4f9 ./Core/Src/main.o
 .debug_line    0x000004f9      0x51e ./Core/Src/mini_printf.o
 .debug_line    0x00000a17      0x58e ./Core/Src/system_stm32l4xx.o
 .debug_line    0x00000fa5      0x678 ./Core/Src/uart.o
 .debug_line    0x0000161d       0x7a ./Core/Startup/startup_stm32l496agix.o

.debug_str      0x00000000    0xa940b
 .debug_str     0x00000000    0xa940b ./Core/Src/main.o
                              0xa9070 (size before relaxing)
 .debug_str     0x000a940b     0x3fb7 ./Core/Src/mini_printf.o
 .debug_str     0x000a940b    0xa92c1 ./Core/Src/system_stm32l4xx.o
 .debug_str     0x000a940b    0xa926b ./Core/Src/uart.o
 .debug_str     0x000a940b       0x9a ./Core/Startup/startup_stm32l496agix.o

.comment        0x00000000       0x43
 .comment       0x00000000       0x43 ./Core/Src/main.o
                                 0x44 (size before relaxing)
 .comment       0x00000043       0x44 ./Core/Src/mini_printf.o
 .comment       0x00000043       0x44 ./Core/Src/system_stm32l4xx.o
 .comment       0x00000043       0x44 ./Core/Src/uart.o

.debug_frame    0x00000000      0x1e4
 .debug_frame   0x00000000       0x30 ./Core/Src/main.o
 .debug_frame   0x00000030       0x70 ./Core/Src/mini_printf.o
 .debug_frame   0x000000a0       0x58 ./Core/Src/system_stm32l4xx.o
 .debug_frame   0x000000f8       0xc0 ./Core/Src/uart.o
 .debug_frame   0x000001b8       0x2c C:/ST/STM32CubeIDE_1.19.0/STM32CubeIDE/plugins/com.st.stm32cube.ide.mcu.externaltools.gnu-tools-for-stm32.13.3.rel1.win32_1.0.0.202411081344/tools/bin/../lib/gcc/arm-none-eabi/13.3.1/../../../../arm-none-eabi/lib/thumb/v7e-m+fp/hard\libc_nano.a(libc_a-init.o)

.debug_line_str
                0x00000000       0x7e
 .debug_line_str
                0x00000000       0x7e ./Core/Startup/startup_stm32l496agix.o
