../Core/Src/stm32l4xx_hal_msp.c:63:6:HAL_MspInit	16	static
../Core/Src/stm32l4xx_hal_msp.c:88:6:HAL_ADC_MspInit	64	static
../Core/Src/stm32l4xx_hal_msp.c:182:6:HAL_ADC_MspDeInit	16	static
../Core/Src/stm32l4xx_hal_msp.c:259:6:HAL_DCMI_MspInit	56	static
../Core/Src/stm32l4xx_hal_msp.c:322:6:HAL_DCMI_MspDeInit	16	static
../Core/Src/stm32l4xx_hal_msp.c:366:6:HAL_DFSDM_ChannelMspInit	192	static
../Core/Src/stm32l4xx_hal_msp.c:424:6:HAL_DFSDM_ChannelMspDeInit	16	static
../Core/Src/stm32l4xx_hal_msp.c:457:6:HAL_I2C_MspInit	200	static
../Core/Src/stm32l4xx_hal_msp.c:544:6:HAL_I2C_MspDeInit	16	static
../Core/Src/stm32l4xx_hal_msp.c:595:6:HAL_UART_MspInit	208	static
../Core/Src/stm32l4xx_hal_msp.c:733:6:HAL_UART_MspDeInit	16	static
../Core/Src/stm32l4xx_hal_msp.c:806:6:HAL_QSPI_MspInit	48	static
../Core/Src/stm32l4xx_hal_msp.c:855:6:HAL_QSPI_MspDeInit	16	static
../Core/Src/stm32l4xx_hal_msp.c:890:6:HAL_SD_MspInit	48	static
../Core/Src/stm32l4xx_hal_msp.c:940:6:HAL_SD_MspDeInit	16	static
../Core/Src/stm32l4xx_hal_msp.c:976:6:HAL_SPI_MspInit	64	static
../Core/Src/stm32l4xx_hal_msp.c:1055:6:HAL_SPI_MspDeInit	16	static
../Core/Src/stm32l4xx_hal_msp.c:1105:13:HAL_FMC_MspInit	32	static
../Core/Src/stm32l4xx_hal_msp.c:1202:6:HAL_SRAM_MspInit	16	static
../Core/Src/stm32l4xx_hal_msp.c:1214:13:HAL_FMC_MspDeInit	8	static
../Core/Src/stm32l4xx_hal_msp.c:1289:6:HAL_SRAM_MspDeInit	16	static
../Core/Src/stm32l4xx_hal_msp.c:1301:6:HAL_SAI_MspInit	48	static
../Core/Src/stm32l4xx_hal_msp.c:1358:6:HAL_SAI_MspDeInit	16	static
